[2022-05-29T02:07:00.729+0000][gc,heap] Heap region size: 1M
[2022-05-29T02:07:00.739+0000][gc     ] Using G1
[2022-05-29T02:07:00.739+0000][gc,heap,coops] Heap address: 0x00000000c0000000, size: 1024 MB, Compressed Oops mode: 32-bit
[2022-05-29T02:07:00.740+0000][gc,cds       ] Mark closed archive regions in map: [0x00000000fff00000, 0x00000000fff6aff8]
[2022-05-29T02:07:00.740+0000][gc,cds       ] Mark open archive regions in map: [0x00000000ffe00000, 0x00000000ffe46ff8]
[2022-05-29T02:07:01.871+0000][gc,start     ] GC(0) Pause Young (Normal) (G1 Evacuation Pause)
[2022-05-29T02:07:01.871+0000][gc,task      ] GC(0) Using 2 workers of 2 for evacuation
[2022-05-29T02:07:01.887+0000][gc,phases    ] GC(0)   Pre Evacuate Collection Set: 0.0ms
[2022-05-29T02:07:01.887+0000][gc,phases    ] GC(0)   Evacuate Collection Set: 14.8ms
[2022-05-29T02:07:01.887+0000][gc,phases    ] GC(0)   Post Evacuate Collection Set: 0.4ms
[2022-05-29T02:07:01.887+0000][gc,phases    ] GC(0)   Other: 0.3ms
[2022-05-29T02:07:01.887+0000][gc,heap      ] GC(0) Eden regions: 51->0(44)
[2022-05-29T02:07:01.887+0000][gc,heap      ] GC(0) Survivor regions: 0->7(7)
[2022-05-29T02:07:01.887+0000][gc,heap      ] GC(0) Old regions: 2->2
[2022-05-29T02:07:01.887+0000][gc,heap      ] GC(0) Humongous regions: 0->0
[2022-05-29T02:07:01.887+0000][gc,metaspace ] GC(0) Metaspace: 14796K->14796K(1062912K)
[2022-05-29T02:07:01.887+0000][gc           ] GC(0) Pause Young (Normal) (G1 Evacuation Pause) 51M->7M(1024M) 15.665ms
[2022-05-29T02:07:01.887+0000][gc,cpu       ] GC(0) User=0.02s Sys=0.00s Real=0.02s
[2022-05-29T02:07:02.350+0000][gc,start     ] GC(1) Pause Young (Concurrent Start) (Metadata GC Threshold)
[2022-05-29T02:07:02.350+0000][gc,task      ] GC(1) Using 2 workers of 2 for evacuation
[2022-05-29T02:07:02.378+0000][gc,mmu       ] GC(1) MMU target violated: 21.0ms (20.0ms/21.0ms)
[2022-05-29T02:07:02.378+0000][gc,phases    ] GC(1)   Pre Evacuate Collection Set: 0.1ms
[2022-05-29T02:07:02.378+0000][gc,phases    ] GC(1)   Evacuate Collection Set: 26.8ms
[2022-05-29T02:07:02.378+0000][gc,phases    ] GC(1)   Post Evacuate Collection Set: 0.3ms
[2022-05-29T02:07:02.378+0000][gc,phases    ] GC(1)   Other: 0.3ms
[2022-05-29T02:07:02.378+0000][gc,heap      ] GC(1) Eden regions: 24->0(50)
[2022-05-29T02:07:02.378+0000][gc,heap      ] GC(1) Survivor regions: 7->1(7)
[2022-05-29T02:07:02.378+0000][gc,heap      ] GC(1) Old regions: 2->9
[2022-05-29T02:07:02.378+0000][gc,heap      ] GC(1) Humongous regions: 0->0
[2022-05-29T02:07:02.378+0000][gc,metaspace ] GC(1) Metaspace: 20599K->20599K(1067008K)
[2022-05-29T02:07:02.378+0000][gc           ] GC(1) Pause Young (Concurrent Start) (Metadata GC Threshold) 30M->8M(1024M) 27.600ms
[2022-05-29T02:07:02.378+0000][gc,cpu       ] GC(1) User=0.05s Sys=0.00s Real=0.03s
[2022-05-29T02:07:02.378+0000][gc           ] GC(2) Concurrent Cycle
[2022-05-29T02:07:02.378+0000][gc,marking   ] GC(2) Concurrent Clear Claimed Marks
[2022-05-29T02:07:02.378+0000][gc,marking   ] GC(2) Concurrent Clear Claimed Marks 0.043ms
[2022-05-29T02:07:02.378+0000][gc,marking   ] GC(2) Concurrent Scan Root Regions
[2022-05-29T02:07:02.379+0000][gc,marking   ] GC(2) Concurrent Scan Root Regions 1.520ms
[2022-05-29T02:07:02.379+0000][gc,marking   ] GC(2) Concurrent Mark (1.653s)
[2022-05-29T02:07:02.379+0000][gc,marking   ] GC(2) Concurrent Mark From Roots
[2022-05-29T02:07:02.379+0000][gc,task      ] GC(2) Using 1 workers of 1 for marking
[2022-05-29T02:07:02.394+0000][gc,marking   ] GC(2) Concurrent Mark From Roots 14.361ms
[2022-05-29T02:07:02.394+0000][gc,marking   ] GC(2) Concurrent Preclean
[2022-05-29T02:07:02.394+0000][gc,marking   ] GC(2) Concurrent Preclean 0.074ms
[2022-05-29T02:07:02.394+0000][gc,marking   ] GC(2) Concurrent Mark (1.653s, 1.668s) 14.481ms
[2022-05-29T02:07:02.396+0000][gc,start     ] GC(2) Pause Remark
[2022-05-29T02:07:02.401+0000][gc,stringtable] GC(2) Cleaned string and symbol table, strings: 5116 processed, 0 removed, symbols: 50872 processed, 42 removed
[2022-05-29T02:07:02.401+0000][gc            ] GC(2) Pause Remark 8M->8M(1024M) 4.427ms
[2022-05-29T02:07:02.401+0000][gc,cpu        ] GC(2) User=0.00s Sys=0.00s Real=0.00s
[2022-05-29T02:07:02.401+0000][gc,marking    ] GC(2) Concurrent Rebuild Remembered Sets
[2022-05-29T02:07:02.410+0000][gc,marking    ] GC(2) Concurrent Rebuild Remembered Sets 9.196ms
[2022-05-29T02:07:02.410+0000][gc,start      ] GC(2) Pause Cleanup
[2022-05-29T02:07:02.410+0000][gc            ] GC(2) Pause Cleanup 10M->10M(1024M) 0.205ms
[2022-05-29T02:07:02.410+0000][gc,cpu        ] GC(2) User=0.00s Sys=0.00s Real=0.00s
[2022-05-29T02:07:02.410+0000][gc,marking    ] GC(2) Concurrent Cleanup for Next Mark
[2022-05-29T02:07:02.436+0000][gc,marking    ] GC(2) Concurrent Cleanup for Next Mark 25.925ms
[2022-05-29T02:07:02.436+0000][gc            ] GC(2) Concurrent Cycle 58.659ms
[2022-05-29T02:07:03.169+0000][gc,start      ] GC(3) Pause Young (Normal) (G1 Evacuation Pause)
[2022-05-29T02:07:03.169+0000][gc,task       ] GC(3) Using 2 workers of 2 for evacuation
[2022-05-29T02:07:03.188+0000][gc,phases     ] GC(3)   Pre Evacuate Collection Set: 0.1ms
[2022-05-29T02:07:03.188+0000][gc,phases     ] GC(3)   Evacuate Collection Set: 18.1ms
[2022-05-29T02:07:03.188+0000][gc,phases     ] GC(3)   Post Evacuate Collection Set: 0.3ms
[2022-05-29T02:07:03.188+0000][gc,phases     ] GC(3)   Other: 0.2ms
[2022-05-29T02:07:03.188+0000][gc,heap       ] GC(3) Eden regions: 50->0(46)
[2022-05-29T02:07:03.188+0000][gc,heap       ] GC(3) Survivor regions: 1->5(7)
[2022-05-29T02:07:03.188+0000][gc,heap       ] GC(3) Old regions: 9->9
[2022-05-29T02:07:03.188+0000][gc,heap       ] GC(3) Humongous regions: 129->129
[2022-05-29T02:07:03.188+0000][gc,metaspace  ] GC(3) Metaspace: 29139K->29139K(1075200K)
[2022-05-29T02:07:03.188+0000][gc            ] GC(3) Pause Young (Normal) (G1 Evacuation Pause) 187M->140M(1024M) 18.804ms
[2022-05-29T02:07:03.188+0000][gc,cpu        ] GC(3) User=0.03s Sys=0.00s Real=0.02s
[2022-05-29T02:07:03.597+0000][gc,start      ] GC(4) Pause Young (Concurrent Start) (Metadata GC Threshold)
[2022-05-29T02:07:03.597+0000][gc,task       ] GC(4) Using 2 workers of 2 for evacuation
[2022-05-29T02:07:03.612+0000][gc,phases     ] GC(4)   Pre Evacuate Collection Set: 0.1ms
[2022-05-29T02:07:03.612+0000][gc,phases     ] GC(4)   Evacuate Collection Set: 14.6ms
[2022-05-29T02:07:03.612+0000][gc,phases     ] GC(4)   Post Evacuate Collection Set: 0.3ms
[2022-05-29T02:07:03.612+0000][gc,phases     ] GC(4)   Other: 0.2ms
[2022-05-29T02:07:03.612+0000][gc,heap       ] GC(4) Eden regions: 27->0(49)
[2022-05-29T02:07:03.612+0000][gc,heap       ] GC(4) Survivor regions: 5->2(7)
[2022-05-29T02:07:03.612+0000][gc,heap       ] GC(4) Old regions: 9->13
[2022-05-29T02:07:03.612+0000][gc,heap       ] GC(4) Humongous regions: 129->129
[2022-05-29T02:07:03.612+0000][gc,metaspace  ] GC(4) Metaspace: 34523K->34523K(1081344K)
[2022-05-29T02:07:03.612+0000][gc            ] GC(4) Pause Young (Concurrent Start) (Metadata GC Threshold) 167M->142M(1024M) 15.350ms
[2022-05-29T02:07:03.612+0000][gc,cpu        ] GC(4) User=0.03s Sys=0.00s Real=0.01s
[2022-05-29T02:07:03.612+0000][gc            ] GC(5) Concurrent Cycle
[2022-05-29T02:07:03.612+0000][gc,marking    ] GC(5) Concurrent Clear Claimed Marks
[2022-05-29T02:07:03.612+0000][gc,marking    ] GC(5) Concurrent Clear Claimed Marks 0.079ms
[2022-05-29T02:07:03.612+0000][gc,marking    ] GC(5) Concurrent Scan Root Regions
[2022-05-29T02:07:03.618+0000][gc,marking    ] GC(5) Concurrent Scan Root Regions 5.356ms
[2022-05-29T02:07:03.618+0000][gc,marking    ] GC(5) Concurrent Mark (2.891s)
[2022-05-29T02:07:03.618+0000][gc,marking    ] GC(5) Concurrent Mark From Roots
[2022-05-29T02:07:03.618+0000][gc,task       ] GC(5) Using 1 workers of 1 for marking
[2022-05-29T02:07:03.662+0000][gc,marking    ] GC(5) Concurrent Mark From Roots 44.703ms
[2022-05-29T02:07:03.662+0000][gc,marking    ] GC(5) Concurrent Preclean
[2022-05-29T02:07:03.662+0000][gc,marking    ] GC(5) Concurrent Preclean 0.077ms
[2022-05-29T02:07:03.662+0000][gc,marking    ] GC(5) Concurrent Mark (2.891s, 2.936s) 44.831ms
[2022-05-29T02:07:03.671+0000][gc,start      ] GC(5) Pause Remark
[2022-05-29T02:07:03.676+0000][gc,stringtable] GC(5) Cleaned string and symbol table, strings: 10291 processed, 9 removed, symbols: 83481 processed, 17 removed
[2022-05-29T02:07:03.677+0000][gc            ] GC(5) Pause Remark 144M->144M(1024M) 5.428ms
[2022-05-29T02:07:03.677+0000][gc,cpu        ] GC(5) User=0.01s Sys=0.00s Real=0.01s
[2022-05-29T02:07:03.677+0000][gc,marking    ] GC(5) Concurrent Rebuild Remembered Sets
[2022-05-29T02:07:03.699+0000][gc,marking    ] GC(5) Concurrent Rebuild Remembered Sets 22.573ms
[2022-05-29T02:07:03.700+0000][gc,start      ] GC(5) Pause Cleanup
[2022-05-29T02:07:03.700+0000][gc            ] GC(5) Pause Cleanup 146M->146M(1024M) 0.304ms
[2022-05-29T02:07:03.700+0000][gc,cpu        ] GC(5) User=0.00s Sys=0.00s Real=0.00s
[2022-05-29T02:07:03.701+0000][gc,marking    ] GC(5) Concurrent Cleanup for Next Mark
[2022-05-29T02:07:03.727+0000][gc,marking    ] GC(5) Concurrent Cleanup for Next Mark 25.869ms
[2022-05-29T02:07:03.727+0000][gc            ] GC(5) Concurrent Cycle 114.854ms
[2022-05-29T02:30:17.622+0000][gc,start      ] GC(6) Pause Young (Normal) (G1 Evacuation Pause)
[2022-05-29T02:30:17.622+0000][gc,task       ] GC(6) Using 2 workers of 2 for evacuation
[2022-05-29T02:30:17.633+0000][gc,phases     ] GC(6)   Pre Evacuate Collection Set: 0.0ms
[2022-05-29T02:30:17.633+0000][gc,phases     ] GC(6)   Evacuate Collection Set: 10.8ms
[2022-05-29T02:30:17.633+0000][gc,phases     ] GC(6)   Post Evacuate Collection Set: 0.5ms
[2022-05-29T02:30:17.633+0000][gc,phases     ] GC(6)   Other: 0.2ms
[2022-05-29T02:30:17.633+0000][gc,heap       ] GC(6) Eden regions: 49->0(46)
[2022-05-29T02:30:17.633+0000][gc,heap       ] GC(6) Survivor regions: 2->5(7)
[2022-05-29T02:30:17.633+0000][gc,heap       ] GC(6) Old regions: 13->13
[2022-05-29T02:30:17.633+0000][gc,heap       ] GC(6) Humongous regions: 129->129
[2022-05-29T02:30:17.633+0000][gc,metaspace  ] GC(6) Metaspace: 41167K->41167K(1087488K)
[2022-05-29T02:30:17.633+0000][gc            ] GC(6) Pause Young (Normal) (G1 Evacuation Pause) 191M->144M(1024M) 11.561ms
[2022-05-29T02:30:17.633+0000][gc,cpu        ] GC(6) User=0.02s Sys=0.00s Real=0.01s
[2022-05-29T02:39:24.487+0000][gc,start      ] GC(7) Pause Young (Normal) (G1 Evacuation Pause)
[2022-05-29T02:39:24.487+0000][gc,task       ] GC(7) Using 2 workers of 2 for evacuation
[2022-05-29T02:39:24.501+0000][gc,phases     ] GC(7)   Pre Evacuate Collection Set: 0.0ms
[2022-05-29T02:39:24.501+0000][gc,phases     ] GC(7)   Evacuate Collection Set: 12.9ms
[2022-05-29T02:39:24.501+0000][gc,phases     ] GC(7)   Post Evacuate Collection Set: 1.2ms
[2022-05-29T02:39:24.501+0000][gc,phases     ] GC(7)   Other: 0.2ms
[2022-05-29T02:39:24.501+0000][gc,heap       ] GC(7) Eden regions: 46->0(47)
[2022-05-29T02:39:24.501+0000][gc,heap       ] GC(7) Survivor regions: 5->4(7)
[2022-05-29T02:39:24.501+0000][gc,heap       ] GC(7) Old regions: 13->15
[2022-05-29T02:39:24.501+0000][gc,heap       ] GC(7) Humongous regions: 129->129
[2022-05-29T02:39:24.501+0000][gc,metaspace  ] GC(7) Metaspace: 44233K->44233K(1089536K)
[2022-05-29T02:39:24.501+0000][gc            ] GC(7) Pause Young (Normal) (G1 Evacuation Pause) 190M->146M(1024M) 14.363ms
[2022-05-29T02:39:24.501+0000][gc,cpu        ] GC(7) User=0.02s Sys=0.00s Real=0.01s
[2022-05-29T02:58:39.489+0000][gc,start      ] GC(8) Pause Young (Normal) (G1 Evacuation Pause)
[2022-05-29T02:58:39.489+0000][gc,task       ] GC(8) Using 2 workers of 2 for evacuation
[2022-05-29T02:58:39.499+0000][gc,phases     ] GC(8)   Pre Evacuate Collection Set: 0.0ms
[2022-05-29T02:58:39.499+0000][gc,phases     ] GC(8)   Evacuate Collection Set: 10.2ms
[2022-05-29T02:58:39.499+0000][gc,phases     ] GC(8)   Post Evacuate Collection Set: 0.4ms
[2022-05-29T02:58:39.499+0000][gc,phases     ] GC(8)   Other: 0.2ms
[2022-05-29T02:58:39.499+0000][gc,heap       ] GC(8) Eden regions: 47->0(48)
[2022-05-29T02:58:39.499+0000][gc,heap       ] GC(8) Survivor regions: 4->3(7)
[2022-05-29T02:58:39.499+0000][gc,heap       ] GC(8) Old regions: 15->17
[2022-05-29T02:58:39.499+0000][gc,heap       ] GC(8) Humongous regions: 129->129
[2022-05-29T02:58:39.499+0000][gc,metaspace  ] GC(8) Metaspace: 44591K->44591K(1089536K)
[2022-05-29T02:58:39.499+0000][gc            ] GC(8) Pause Young (Normal) (G1 Evacuation Pause) 193M->146M(1024M) 10.870ms
[2022-05-29T02:58:39.499+0000][gc,cpu        ] GC(8) User=0.02s Sys=0.00s Real=0.01s
[2022-05-29T03:13:45.431+0000][gc,heap,exit  ] Heap
[2022-05-29T03:13:45.431+0000][gc,heap,exit  ]  garbage-first heap   total 1048576K, used 179941K [0x00000000c0000000, 0x0000000100000000)
[2022-05-29T03:13:45.431+0000][gc,heap,exit  ]   region size 1024K, 34 young (34816K), 3 survivors (3072K)
[2022-05-29T03:13:45.431+0000][gc,heap,exit  ]  Metaspace       used 45485K, capacity 48407K, committed 48688K, reserved 1091584K
[2022-05-29T03:13:45.431+0000][gc,heap,exit  ]   class space    used 6013K, capacity 7457K, committed 7552K, reserved 1048576K
