[2022-05-29T21:46:55.544+0000][gc,heap] Heap region size: 1M
[2022-05-29T21:46:55.554+0000][gc     ] Using G1
[2022-05-29T21:46:55.554+0000][gc,heap,coops] Heap address: 0x00000000c0000000, size: 1024 MB, Compressed Oops mode: 32-bit
[2022-05-29T21:46:55.554+0000][gc,cds       ] Mark closed archive regions in map: [0x00000000fff00000, 0x00000000fff6aff8]
[2022-05-29T21:46:55.554+0000][gc,cds       ] Mark open archive regions in map: [0x00000000ffe00000, 0x00000000ffe46ff8]
[2022-05-29T21:46:56.775+0000][gc,start     ] GC(0) Pause Young (Normal) (G1 Evacuation Pause)
[2022-05-29T21:46:56.775+0000][gc,task      ] GC(0) Using 2 workers of 2 for evacuation
[2022-05-29T21:46:56.795+0000][gc,mmu       ] GC(0) MMU target violated: 20.4ms (20.0ms/21.0ms)
[2022-05-29T21:46:56.795+0000][gc,phases    ] GC(0)   Pre Evacuate Collection Set: 0.0ms
[2022-05-29T21:46:56.795+0000][gc,phases    ] GC(0)   Evacuate Collection Set: 19.8ms
[2022-05-29T21:46:56.795+0000][gc,phases    ] GC(0)   Post Evacuate Collection Set: 0.4ms
[2022-05-29T21:46:56.795+0000][gc,phases    ] GC(0)   Other: 0.3ms
[2022-05-29T21:46:56.795+0000][gc,heap      ] GC(0) Eden regions: 51->0(44)
[2022-05-29T21:46:56.795+0000][gc,heap      ] GC(0) Survivor regions: 0->7(7)
[2022-05-29T21:46:56.795+0000][gc,heap      ] GC(0) Old regions: 2->2
[2022-05-29T21:46:56.795+0000][gc,heap      ] GC(0) Humongous regions: 0->0
[2022-05-29T21:46:56.795+0000][gc,metaspace ] GC(0) Metaspace: 14866K->14866K(1062912K)
[2022-05-29T21:46:56.795+0000][gc           ] GC(0) Pause Young (Normal) (G1 Evacuation Pause) 51M->7M(1024M) 20.621ms
[2022-05-29T21:46:56.795+0000][gc,cpu       ] GC(0) User=0.03s Sys=0.01s Real=0.02s
[2022-05-29T21:46:57.321+0000][gc,start     ] GC(1) Pause Young (Concurrent Start) (Metadata GC Threshold)
[2022-05-29T21:46:57.321+0000][gc,task      ] GC(1) Using 2 workers of 2 for evacuation
[2022-05-29T21:46:57.340+0000][gc,phases    ] GC(1)   Pre Evacuate Collection Set: 0.1ms
[2022-05-29T21:46:57.340+0000][gc,phases    ] GC(1)   Evacuate Collection Set: 18.4ms
[2022-05-29T21:46:57.340+0000][gc,phases    ] GC(1)   Post Evacuate Collection Set: 0.3ms
[2022-05-29T21:46:57.340+0000][gc,phases    ] GC(1)   Other: 0.2ms
[2022-05-29T21:46:57.340+0000][gc,heap      ] GC(1) Eden regions: 24->0(49)
[2022-05-29T21:46:57.340+0000][gc,heap      ] GC(1) Survivor regions: 7->2(7)
[2022-05-29T21:46:57.340+0000][gc,heap      ] GC(1) Old regions: 2->9
[2022-05-29T21:46:57.340+0000][gc,heap      ] GC(1) Humongous regions: 0->0
[2022-05-29T21:46:57.340+0000][gc,metaspace ] GC(1) Metaspace: 20579K->20579K(1067008K)
[2022-05-29T21:46:57.340+0000][gc           ] GC(1) Pause Young (Concurrent Start) (Metadata GC Threshold) 30M->8M(1024M) 19.017ms
[2022-05-29T21:46:57.340+0000][gc,cpu       ] GC(1) User=0.03s Sys=0.01s Real=0.02s
[2022-05-29T21:46:57.340+0000][gc           ] GC(2) Concurrent Cycle
[2022-05-29T21:46:57.340+0000][gc,marking   ] GC(2) Concurrent Clear Claimed Marks
[2022-05-29T21:46:57.340+0000][gc,marking   ] GC(2) Concurrent Clear Claimed Marks 0.033ms
[2022-05-29T21:46:57.340+0000][gc,marking   ] GC(2) Concurrent Scan Root Regions
[2022-05-29T21:46:57.341+0000][gc,marking   ] GC(2) Concurrent Scan Root Regions 0.898ms
[2022-05-29T21:46:57.341+0000][gc,marking   ] GC(2) Concurrent Mark (1.800s)
[2022-05-29T21:46:57.341+0000][gc,marking   ] GC(2) Concurrent Mark From Roots
[2022-05-29T21:46:57.341+0000][gc,task      ] GC(2) Using 1 workers of 1 for marking
[2022-05-29T21:46:57.354+0000][gc,marking   ] GC(2) Concurrent Mark From Roots 12.816ms
[2022-05-29T21:46:57.354+0000][gc,marking   ] GC(2) Concurrent Preclean
[2022-05-29T21:46:57.354+0000][gc,marking   ] GC(2) Concurrent Preclean 0.065ms
[2022-05-29T21:46:57.354+0000][gc,marking   ] GC(2) Concurrent Mark (1.800s, 1.813s) 12.918ms
[2022-05-29T21:46:57.354+0000][gc,start     ] GC(2) Pause Remark
[2022-05-29T21:46:57.357+0000][gc,stringtable] GC(2) Cleaned string and symbol table, strings: 5139 processed, 0 removed, symbols: 51073 processed, 46 removed
[2022-05-29T21:46:57.358+0000][gc            ] GC(2) Pause Remark 9M->9M(1024M) 3.630ms
[2022-05-29T21:46:57.358+0000][gc,cpu        ] GC(2) User=0.01s Sys=0.00s Real=0.01s
[2022-05-29T21:46:57.358+0000][gc,marking    ] GC(2) Concurrent Rebuild Remembered Sets
[2022-05-29T21:46:57.375+0000][gc,marking    ] GC(2) Concurrent Rebuild Remembered Sets 17.412ms
[2022-05-29T21:46:57.377+0000][gc,start      ] GC(2) Pause Cleanup
[2022-05-29T21:46:57.377+0000][gc            ] GC(2) Pause Cleanup 10M->10M(1024M) 0.253ms
[2022-05-29T21:46:57.377+0000][gc,cpu        ] GC(2) User=0.00s Sys=0.00s Real=0.00s
[2022-05-29T21:46:57.378+0000][gc,marking    ] GC(2) Concurrent Cleanup for Next Mark
[2022-05-29T21:46:57.395+0000][gc,marking    ] GC(2) Concurrent Cleanup for Next Mark 17.204ms
[2022-05-29T21:46:57.395+0000][gc            ] GC(2) Concurrent Cycle 54.765ms
[2022-05-29T21:46:58.316+0000][gc,start      ] GC(3) Pause Young (Normal) (G1 Evacuation Pause)
[2022-05-29T21:46:58.316+0000][gc,task       ] GC(3) Using 2 workers of 2 for evacuation
[2022-05-29T21:46:58.325+0000][gc,phases     ] GC(3)   Pre Evacuate Collection Set: 0.0ms
[2022-05-29T21:46:58.325+0000][gc,phases     ] GC(3)   Evacuate Collection Set: 8.8ms
[2022-05-29T21:46:58.325+0000][gc,phases     ] GC(3)   Post Evacuate Collection Set: 0.3ms
[2022-05-29T21:46:58.325+0000][gc,phases     ] GC(3)   Other: 0.1ms
[2022-05-29T21:46:58.325+0000][gc,heap       ] GC(3) Eden regions: 49->0(46)
[2022-05-29T21:46:58.325+0000][gc,heap       ] GC(3) Survivor regions: 2->5(7)
[2022-05-29T21:46:58.325+0000][gc,heap       ] GC(3) Old regions: 9->9
[2022-05-29T21:46:58.325+0000][gc,heap       ] GC(3) Humongous regions: 129->129
[2022-05-29T21:46:58.325+0000][gc,metaspace  ] GC(3) Metaspace: 29233K->29233K(1075200K)
[2022-05-29T21:46:58.325+0000][gc            ] GC(3) Pause Young (Normal) (G1 Evacuation Pause) 186M->140M(1024M) 9.282ms
[2022-05-29T21:46:58.325+0000][gc,cpu        ] GC(3) User=0.01s Sys=0.00s Real=0.01s
[2022-05-29T21:46:58.728+0000][gc,start      ] GC(4) Pause Young (Concurrent Start) (GCLocker Initiated GC)
[2022-05-29T21:46:58.728+0000][gc,task       ] GC(4) Using 2 workers of 2 for evacuation
[2022-05-29T21:46:58.742+0000][gc,phases     ] GC(4)   Pre Evacuate Collection Set: 0.1ms
[2022-05-29T21:46:58.742+0000][gc,phases     ] GC(4)   Evacuate Collection Set: 13.8ms
[2022-05-29T21:46:58.742+0000][gc,phases     ] GC(4)   Post Evacuate Collection Set: 0.3ms
[2022-05-29T21:46:58.742+0000][gc,phases     ] GC(4)   Other: 0.2ms
[2022-05-29T21:46:58.742+0000][gc,heap       ] GC(4) Eden regions: 25->0(49)
[2022-05-29T21:46:58.742+0000][gc,heap       ] GC(4) Survivor regions: 5->2(7)
[2022-05-29T21:46:58.742+0000][gc,heap       ] GC(4) Old regions: 9->13
[2022-05-29T21:46:58.742+0000][gc,heap       ] GC(4) Humongous regions: 129->129
[2022-05-29T21:46:58.742+0000][gc,metaspace  ] GC(4) Metaspace: 34501K->34501K(1081344K)
[2022-05-29T21:46:58.742+0000][gc            ] GC(4) Pause Young (Concurrent Start) (GCLocker Initiated GC) 165M->142M(1024M) 14.517ms
[2022-05-29T21:46:58.742+0000][gc,cpu        ] GC(4) User=0.02s Sys=0.01s Real=0.02s
[2022-05-29T21:46:58.742+0000][gc            ] GC(5) Concurrent Cycle
[2022-05-29T21:46:58.742+0000][gc,marking    ] GC(5) Concurrent Clear Claimed Marks
[2022-05-29T21:46:58.742+0000][gc,marking    ] GC(5) Concurrent Clear Claimed Marks 0.065ms
[2022-05-29T21:46:58.742+0000][gc,marking    ] GC(5) Concurrent Scan Root Regions
[2022-05-29T21:46:58.744+0000][gc,marking    ] GC(5) Concurrent Scan Root Regions 1.806ms
[2022-05-29T21:46:58.744+0000][gc,marking    ] GC(5) Concurrent Mark (3.203s)
[2022-05-29T21:46:58.744+0000][gc,marking    ] GC(5) Concurrent Mark From Roots
[2022-05-29T21:46:58.744+0000][gc,task       ] GC(5) Using 1 workers of 1 for marking
[2022-05-29T21:46:58.778+0000][gc,marking    ] GC(5) Concurrent Mark From Roots 33.388ms
[2022-05-29T21:46:58.778+0000][gc,marking    ] GC(5) Concurrent Preclean
[2022-05-29T21:46:58.778+0000][gc,marking    ] GC(5) Concurrent Preclean 0.072ms
[2022-05-29T21:46:58.778+0000][gc,marking    ] GC(5) Concurrent Mark (3.203s, 3.237s) 33.504ms
[2022-05-29T21:46:58.783+0000][gc,start      ] GC(5) Pause Remark
[2022-05-29T21:46:58.787+0000][gc,stringtable] GC(5) Cleaned string and symbol table, strings: 10327 processed, 11 removed, symbols: 83722 processed, 13 removed
[2022-05-29T21:46:58.788+0000][gc            ] GC(5) Pause Remark 145M->145M(1024M) 4.703ms
[2022-05-29T21:46:58.788+0000][gc,cpu        ] GC(5) User=0.01s Sys=0.00s Real=0.00s
[2022-05-29T21:46:58.788+0000][gc,marking    ] GC(5) Concurrent Rebuild Remembered Sets
[2022-05-29T21:46:58.827+0000][gc,marking    ] GC(5) Concurrent Rebuild Remembered Sets 39.043ms
[2022-05-29T21:46:58.832+0000][gc,start      ] GC(5) Pause Cleanup
[2022-05-29T21:46:58.832+0000][gc            ] GC(5) Pause Cleanup 146M->146M(1024M) 0.187ms
[2022-05-29T21:46:58.832+0000][gc,cpu        ] GC(5) User=0.00s Sys=0.00s Real=0.00s
[2022-05-29T21:46:58.833+0000][gc,marking    ] GC(5) Concurrent Cleanup for Next Mark
[2022-05-29T21:46:58.870+0000][gc,marking    ] GC(5) Concurrent Cleanup for Next Mark 37.025ms
[2022-05-29T21:46:58.870+0000][gc            ] GC(5) Concurrent Cycle 127.187ms
[2022-05-29T21:53:33.211+0000][gc,start      ] GC(6) Pause Young (Concurrent Start) (G1 Evacuation Pause)
[2022-05-29T21:53:33.211+0000][gc,task       ] GC(6) Using 2 workers of 2 for evacuation
[2022-05-29T21:53:33.223+0000][gc,phases     ] GC(6)   Pre Evacuate Collection Set: 0.2ms
[2022-05-29T21:53:33.223+0000][gc,phases     ] GC(6)   Evacuate Collection Set: 11.1ms
[2022-05-29T21:53:33.223+0000][gc,phases     ] GC(6)   Post Evacuate Collection Set: 0.5ms
[2022-05-29T21:53:33.223+0000][gc,phases     ] GC(6)   Other: 0.2ms
[2022-05-29T21:53:33.223+0000][gc,heap       ] GC(6) Eden regions: 49->0(46)
[2022-05-29T21:53:33.223+0000][gc,heap       ] GC(6) Survivor regions: 2->5(7)
[2022-05-29T21:53:33.223+0000][gc,heap       ] GC(6) Old regions: 13->13
[2022-05-29T21:53:33.223+0000][gc,heap       ] GC(6) Humongous regions: 129->129
[2022-05-29T21:53:33.223+0000][gc,metaspace  ] GC(6) Metaspace: 41424K->41424K(1087488K)
[2022-05-29T21:53:33.223+0000][gc            ] GC(6) Pause Young (Concurrent Start) (G1 Evacuation Pause) 191M->144M(1024M) 12.048ms
[2022-05-29T21:53:33.223+0000][gc,cpu        ] GC(6) User=0.02s Sys=0.00s Real=0.01s
[2022-05-29T21:53:33.223+0000][gc            ] GC(7) Concurrent Cycle
[2022-05-29T21:53:33.223+0000][gc,marking    ] GC(7) Concurrent Clear Claimed Marks
[2022-05-29T21:53:33.224+0000][gc,marking    ] GC(7) Concurrent Clear Claimed Marks 0.131ms
[2022-05-29T21:53:33.224+0000][gc,marking    ] GC(7) Concurrent Scan Root Regions
[2022-05-29T21:53:33.227+0000][gc,marking    ] GC(7) Concurrent Scan Root Regions 3.742ms
[2022-05-29T21:53:33.227+0000][gc,marking    ] GC(7) Concurrent Mark (397.686s)
[2022-05-29T21:53:33.227+0000][gc,marking    ] GC(7) Concurrent Mark From Roots
[2022-05-29T21:53:33.227+0000][gc,task       ] GC(7) Using 1 workers of 1 for marking
[2022-05-29T21:53:33.243+0000][gc,marking    ] GC(7) Concurrent Mark From Roots 15.188ms
[2022-05-29T21:53:33.243+0000][gc,marking    ] GC(7) Concurrent Preclean
[2022-05-29T21:53:33.243+0000][gc,marking    ] GC(7) Concurrent Preclean 0.060ms
[2022-05-29T21:53:33.243+0000][gc,marking    ] GC(7) Concurrent Mark (397.686s, 397.701s) 15.277ms
[2022-05-29T21:53:33.243+0000][gc,start      ] GC(7) Pause Remark
[2022-05-29T21:53:33.253+0000][gc,stringtable] GC(7) Cleaned string and symbol table, strings: 11313 processed, 6 removed, symbols: 90275 processed, 8 removed
[2022-05-29T21:53:33.253+0000][gc            ] GC(7) Pause Remark 145M->145M(1024M) 10.463ms
[2022-05-29T21:53:33.253+0000][gc,cpu        ] GC(7) User=0.02s Sys=0.00s Real=0.01s
[2022-05-29T21:53:33.253+0000][gc,marking    ] GC(7) Concurrent Rebuild Remembered Sets
[2022-05-29T21:53:33.261+0000][gc,marking    ] GC(7) Concurrent Rebuild Remembered Sets 8.080ms
[2022-05-29T21:53:33.261+0000][gc,start      ] GC(7) Pause Cleanup
[2022-05-29T21:53:33.262+0000][gc            ] GC(7) Pause Cleanup 145M->145M(1024M) 0.164ms
[2022-05-29T21:53:33.262+0000][gc,cpu        ] GC(7) User=0.00s Sys=0.00s Real=0.00s
[2022-05-29T21:53:33.262+0000][gc,marking    ] GC(7) Concurrent Cleanup for Next Mark
[2022-05-29T21:53:33.264+0000][gc,marking    ] GC(7) Concurrent Cleanup for Next Mark 2.597ms
[2022-05-29T21:53:33.264+0000][gc            ] GC(7) Concurrent Cycle 40.812ms
[2022-05-29T22:00:25.290+0000][gc,start      ] GC(8) Pause Young (Normal) (G1 Evacuation Pause)
[2022-05-29T22:00:25.290+0000][gc,task       ] GC(8) Using 2 workers of 2 for evacuation
[2022-05-29T22:00:25.321+0000][gc,mmu        ] GC(8) MMU target violated: 21.0ms (20.0ms/21.0ms)
[2022-05-29T22:00:25.321+0000][gc,phases     ] GC(8)   Pre Evacuate Collection Set: 0.0ms
[2022-05-29T22:00:25.321+0000][gc,phases     ] GC(8)   Evacuate Collection Set: 29.6ms
[2022-05-29T22:00:25.321+0000][gc,phases     ] GC(8)   Post Evacuate Collection Set: 0.6ms
[2022-05-29T22:00:25.321+0000][gc,phases     ] GC(8)   Other: 0.3ms
[2022-05-29T22:00:25.321+0000][gc,heap       ] GC(8) Eden regions: 46->0(46)
[2022-05-29T22:00:25.321+0000][gc,heap       ] GC(8) Survivor regions: 5->5(7)
[2022-05-29T22:00:25.321+0000][gc,heap       ] GC(8) Old regions: 13->15
[2022-05-29T22:00:25.321+0000][gc,heap       ] GC(8) Humongous regions: 129->129
[2022-05-29T22:00:25.321+0000][gc,metaspace  ] GC(8) Metaspace: 43052K->43052K(1087488K)
[2022-05-29T22:00:25.321+0000][gc            ] GC(8) Pause Young (Normal) (G1 Evacuation Pause) 190M->146M(1024M) 30.548ms
[2022-05-29T22:00:25.321+0000][gc,cpu        ] GC(8) User=0.02s Sys=0.00s Real=0.03s
[2022-05-29T22:02:00.472+0000][gc,start      ] GC(9) Pause Young (Normal) (G1 Evacuation Pause)
[2022-05-29T22:02:00.472+0000][gc,task       ] GC(9) Using 2 workers of 2 for evacuation
[2022-05-29T22:02:00.483+0000][gc,phases     ] GC(9)   Pre Evacuate Collection Set: 0.0ms
[2022-05-29T22:02:00.483+0000][gc,phases     ] GC(9)   Evacuate Collection Set: 11.0ms
[2022-05-29T22:02:00.483+0000][gc,phases     ] GC(9)   Post Evacuate Collection Set: 0.4ms
[2022-05-29T22:02:00.483+0000][gc,phases     ] GC(9)   Other: 0.2ms
[2022-05-29T22:02:00.483+0000][gc,heap       ] GC(9) Eden regions: 46->0(47)
[2022-05-29T22:02:00.483+0000][gc,heap       ] GC(9) Survivor regions: 5->4(7)
[2022-05-29T22:02:00.483+0000][gc,heap       ] GC(9) Old regions: 15->16
[2022-05-29T22:02:00.483+0000][gc,heap       ] GC(9) Humongous regions: 129->129
[2022-05-29T22:02:00.483+0000][gc,metaspace  ] GC(9) Metaspace: 43369K->43369K(1089536K)
[2022-05-29T22:02:00.483+0000][gc            ] GC(9) Pause Young (Normal) (G1 Evacuation Pause) 192M->146M(1024M) 11.713ms
[2022-05-29T22:02:00.483+0000][gc,cpu        ] GC(9) User=0.02s Sys=0.00s Real=0.01s
[2022-05-29T22:08:12.650+0000][gc,start      ] GC(10) Pause Young (Normal) (G1 Evacuation Pause)
[2022-05-29T22:08:12.650+0000][gc,task       ] GC(10) Using 2 workers of 2 for evacuation
[2022-05-29T22:08:12.658+0000][gc,phases     ] GC(10)   Pre Evacuate Collection Set: 0.0ms
[2022-05-29T22:08:12.658+0000][gc,phases     ] GC(10)   Evacuate Collection Set: 8.1ms
[2022-05-29T22:08:12.658+0000][gc,phases     ] GC(10)   Post Evacuate Collection Set: 0.3ms
[2022-05-29T22:08:12.658+0000][gc,phases     ] GC(10)   Other: 0.2ms
[2022-05-29T22:08:12.658+0000][gc,heap       ] GC(10) Eden regions: 47->0(47)
[2022-05-29T22:08:12.658+0000][gc,heap       ] GC(10) Survivor regions: 4->4(7)
[2022-05-29T22:08:12.658+0000][gc,heap       ] GC(10) Old regions: 16->16
[2022-05-29T22:08:12.658+0000][gc,heap       ] GC(10) Humongous regions: 129->129
[2022-05-29T22:08:12.658+0000][gc,metaspace  ] GC(10) Metaspace: 43634K->43634K(1089536K)
[2022-05-29T22:08:12.658+0000][gc            ] GC(10) Pause Young (Normal) (G1 Evacuation Pause) 193M->147M(1024M) 8.695ms
[2022-05-29T22:08:12.658+0000][gc,cpu        ] GC(10) User=0.02s Sys=0.00s Real=0.01s
[2022-05-29T22:25:57.702+0000][gc,start      ] GC(11) Pause Young (Normal) (G1 Evacuation Pause)
[2022-05-29T22:25:57.702+0000][gc,task       ] GC(11) Using 2 workers of 2 for evacuation
[2022-05-29T22:25:57.711+0000][gc,phases     ] GC(11)   Pre Evacuate Collection Set: 0.0ms
[2022-05-29T22:25:57.711+0000][gc,phases     ] GC(11)   Evacuate Collection Set: 8.7ms
[2022-05-29T22:25:57.711+0000][gc,phases     ] GC(11)   Post Evacuate Collection Set: 0.3ms
[2022-05-29T22:25:57.711+0000][gc,phases     ] GC(11)   Other: 0.2ms
[2022-05-29T22:25:57.711+0000][gc,heap       ] GC(11) Eden regions: 47->0(49)
[2022-05-29T22:25:57.711+0000][gc,heap       ] GC(11) Survivor regions: 4->2(7)
[2022-05-29T22:25:57.711+0000][gc,heap       ] GC(11) Old regions: 16->19
[2022-05-29T22:25:57.711+0000][gc,heap       ] GC(11) Humongous regions: 129->129
[2022-05-29T22:25:57.711+0000][gc,metaspace  ] GC(11) Metaspace: 43963K->43963K(1089536K)
[2022-05-29T22:25:57.711+0000][gc            ] GC(11) Pause Young (Normal) (G1 Evacuation Pause) 194M->147M(1024M) 9.212ms
[2022-05-29T22:25:57.712+0000][gc,cpu        ] GC(11) User=0.02s Sys=0.00s Real=0.01s
[2022-05-29T22:36:39.808+0000][gc,heap,exit  ] Heap
[2022-05-29T22:36:39.808+0000][gc,heap,exit  ]  garbage-first heap   total 1048576K, used 188003K [0x00000000c0000000, 0x0000000100000000)
[2022-05-29T22:36:39.808+0000][gc,heap,exit  ]   region size 1024K, 40 young (40960K), 2 survivors (2048K)
[2022-05-29T22:36:39.808+0000][gc,heap,exit  ]  Metaspace       used 44813K, capacity 47647K, committed 48000K, reserved 1089536K
[2022-05-29T22:36:39.808+0000][gc,heap,exit  ]   class space    used 5813K, capacity 7198K, committed 7296K, reserved 1048576K
