[2022-05-30T15:29:41.404+0000][gc,heap] Heap region size: 1M
[2022-05-30T15:29:41.414+0000][gc     ] Using G1
[2022-05-30T15:29:41.414+0000][gc,heap,coops] Heap address: 0x00000000c0000000, size: 1024 MB, Compressed Oops mode: 32-bit
[2022-05-30T15:29:41.414+0000][gc,cds       ] Mark closed archive regions in map: [0x00000000fff00000, 0x00000000fff6aff8]
[2022-05-30T15:29:41.414+0000][gc,cds       ] Mark open archive regions in map: [0x00000000ffe00000, 0x00000000ffe46ff8]
[2022-05-30T15:29:42.639+0000][gc,start     ] GC(0) Pause Young (Normal) (G1 Evacuation Pause)
[2022-05-30T15:29:42.639+0000][gc,task      ] GC(0) Using 2 workers of 2 for evacuation
[2022-05-30T15:29:42.658+0000][gc,phases    ] GC(0)   Pre Evacuate Collection Set: 0.0ms
[2022-05-30T15:29:42.658+0000][gc,phases    ] GC(0)   Evacuate Collection Set: 18.7ms
[2022-05-30T15:29:42.658+0000][gc,phases    ] GC(0)   Post Evacuate Collection Set: 0.3ms
[2022-05-30T15:29:42.658+0000][gc,phases    ] GC(0)   Other: 0.2ms
[2022-05-30T15:29:42.658+0000][gc,heap      ] GC(0) Eden regions: 51->0(44)
[2022-05-30T15:29:42.658+0000][gc,heap      ] GC(0) Survivor regions: 0->7(7)
[2022-05-30T15:29:42.658+0000][gc,heap      ] GC(0) Old regions: 2->2
[2022-05-30T15:29:42.658+0000][gc,heap      ] GC(0) Humongous regions: 0->0
[2022-05-30T15:29:42.658+0000][gc,metaspace ] GC(0) Metaspace: 14861K->14861K(1062912K)
[2022-05-30T15:29:42.658+0000][gc           ] GC(0) Pause Young (Normal) (G1 Evacuation Pause) 51M->7M(1024M) 19.366ms
[2022-05-30T15:29:42.658+0000][gc,cpu       ] GC(0) User=0.03s Sys=0.01s Real=0.02s
[2022-05-30T15:29:43.204+0000][gc,start     ] GC(1) Pause Young (Concurrent Start) (Metadata GC Threshold)
[2022-05-30T15:29:43.204+0000][gc,task      ] GC(1) Using 2 workers of 2 for evacuation
[2022-05-30T15:29:43.221+0000][gc,phases    ] GC(1)   Pre Evacuate Collection Set: 0.1ms
[2022-05-30T15:29:43.221+0000][gc,phases    ] GC(1)   Evacuate Collection Set: 16.6ms
[2022-05-30T15:29:43.221+0000][gc,phases    ] GC(1)   Post Evacuate Collection Set: 0.3ms
[2022-05-30T15:29:43.221+0000][gc,phases    ] GC(1)   Other: 0.2ms
[2022-05-30T15:29:43.221+0000][gc,heap      ] GC(1) Eden regions: 25->0(50)
[2022-05-30T15:29:43.221+0000][gc,heap      ] GC(1) Survivor regions: 7->1(7)
[2022-05-30T15:29:43.221+0000][gc,heap      ] GC(1) Old regions: 2->9
[2022-05-30T15:29:43.221+0000][gc,heap      ] GC(1) Humongous regions: 0->0
[2022-05-30T15:29:43.221+0000][gc,metaspace ] GC(1) Metaspace: 20667K->20667K(1067008K)
[2022-05-30T15:29:43.221+0000][gc           ] GC(1) Pause Young (Concurrent Start) (Metadata GC Threshold) 31M->8M(1024M) 17.211ms
[2022-05-30T15:29:43.221+0000][gc,cpu       ] GC(1) User=0.03s Sys=0.00s Real=0.01s
[2022-05-30T15:29:43.221+0000][gc           ] GC(2) Concurrent Cycle
[2022-05-30T15:29:43.221+0000][gc,marking   ] GC(2) Concurrent Clear Claimed Marks
[2022-05-30T15:29:43.221+0000][gc,marking   ] GC(2) Concurrent Clear Claimed Marks 0.035ms
[2022-05-30T15:29:43.221+0000][gc,marking   ] GC(2) Concurrent Scan Root Regions
[2022-05-30T15:29:43.222+0000][gc,marking   ] GC(2) Concurrent Scan Root Regions 1.140ms
[2022-05-30T15:29:43.222+0000][gc,marking   ] GC(2) Concurrent Mark (1.821s)
[2022-05-30T15:29:43.222+0000][gc,marking   ] GC(2) Concurrent Mark From Roots
[2022-05-30T15:29:43.222+0000][gc,task      ] GC(2) Using 1 workers of 1 for marking
[2022-05-30T15:29:43.233+0000][gc,marking   ] GC(2) Concurrent Mark From Roots 11.016ms
[2022-05-30T15:29:43.233+0000][gc,marking   ] GC(2) Concurrent Preclean
[2022-05-30T15:29:43.233+0000][gc,marking   ] GC(2) Concurrent Preclean 0.074ms
[2022-05-30T15:29:43.233+0000][gc,marking   ] GC(2) Concurrent Mark (1.821s, 1.832s) 11.126ms
[2022-05-30T15:29:43.238+0000][gc,start     ] GC(2) Pause Remark
[2022-05-30T15:29:43.244+0000][gc,stringtable] GC(2) Cleaned string and symbol table, strings: 5170 processed, 0 removed, symbols: 51117 processed, 45 removed
[2022-05-30T15:29:43.244+0000][gc            ] GC(2) Pause Remark 8M->8M(1024M) 6.073ms
[2022-05-30T15:29:43.245+0000][gc,cpu        ] GC(2) User=0.02s Sys=0.00s Real=0.01s
[2022-05-30T15:29:43.245+0000][gc,marking    ] GC(2) Concurrent Rebuild Remembered Sets
[2022-05-30T15:29:43.258+0000][gc,marking    ] GC(2) Concurrent Rebuild Remembered Sets 13.635ms
[2022-05-30T15:29:43.258+0000][gc,start      ] GC(2) Pause Cleanup
[2022-05-30T15:29:43.259+0000][gc            ] GC(2) Pause Cleanup 9M->9M(1024M) 0.222ms
[2022-05-30T15:29:43.259+0000][gc,cpu        ] GC(2) User=0.00s Sys=0.00s Real=0.00s
[2022-05-30T15:29:43.259+0000][gc,marking    ] GC(2) Concurrent Cleanup for Next Mark
[2022-05-30T15:29:43.277+0000][gc,marking    ] GC(2) Concurrent Cleanup for Next Mark 18.281ms
[2022-05-30T15:29:43.277+0000][gc            ] GC(2) Concurrent Cycle 56.028ms
[2022-05-30T15:29:44.137+0000][gc,start      ] GC(3) Pause Young (Normal) (G1 Evacuation Pause)
[2022-05-30T15:29:44.137+0000][gc,task       ] GC(3) Using 2 workers of 2 for evacuation
[2022-05-30T15:29:44.147+0000][gc,phases     ] GC(3)   Pre Evacuate Collection Set: 0.0ms
[2022-05-30T15:29:44.147+0000][gc,phases     ] GC(3)   Evacuate Collection Set: 9.4ms
[2022-05-30T15:29:44.147+0000][gc,phases     ] GC(3)   Post Evacuate Collection Set: 0.3ms
[2022-05-30T15:29:44.147+0000][gc,phases     ] GC(3)   Other: 0.1ms
[2022-05-30T15:29:44.147+0000][gc,heap       ] GC(3) Eden regions: 50->0(46)
[2022-05-30T15:29:44.147+0000][gc,heap       ] GC(3) Survivor regions: 1->5(7)
[2022-05-30T15:29:44.147+0000][gc,heap       ] GC(3) Old regions: 9->9
[2022-05-30T15:29:44.147+0000][gc,heap       ] GC(3) Humongous regions: 129->129
[2022-05-30T15:29:44.147+0000][gc,metaspace  ] GC(3) Metaspace: 29499K->29499K(1075200K)
[2022-05-30T15:29:44.147+0000][gc            ] GC(3) Pause Young (Normal) (G1 Evacuation Pause) 187M->140M(1024M) 9.877ms
[2022-05-30T15:29:44.147+0000][gc,cpu        ] GC(3) User=0.02s Sys=0.00s Real=0.01s
[2022-05-30T15:29:44.542+0000][gc,start      ] GC(4) Pause Young (Concurrent Start) (Metadata GC Threshold)
[2022-05-30T15:29:44.542+0000][gc,task       ] GC(4) Using 2 workers of 2 for evacuation
[2022-05-30T15:29:44.557+0000][gc,phases     ] GC(4)   Pre Evacuate Collection Set: 0.1ms
[2022-05-30T15:29:44.557+0000][gc,phases     ] GC(4)   Evacuate Collection Set: 13.8ms
[2022-05-30T15:29:44.557+0000][gc,phases     ] GC(4)   Post Evacuate Collection Set: 0.3ms
[2022-05-30T15:29:44.557+0000][gc,phases     ] GC(4)   Other: 0.2ms
[2022-05-30T15:29:44.557+0000][gc,heap       ] GC(4) Eden regions: 22->0(49)
[2022-05-30T15:29:44.557+0000][gc,heap       ] GC(4) Survivor regions: 5->2(7)
[2022-05-30T15:29:44.557+0000][gc,heap       ] GC(4) Old regions: 9->13
[2022-05-30T15:29:44.557+0000][gc,heap       ] GC(4) Humongous regions: 129->129
[2022-05-30T15:29:44.557+0000][gc,metaspace  ] GC(4) Metaspace: 34395K->34395K(1081344K)
[2022-05-30T15:29:44.557+0000][gc            ] GC(4) Pause Young (Concurrent Start) (Metadata GC Threshold) 162M->142M(1024M) 14.493ms
[2022-05-30T15:29:44.557+0000][gc,cpu        ] GC(4) User=0.03s Sys=0.00s Real=0.01s
[2022-05-30T15:29:44.557+0000][gc            ] GC(5) Concurrent Cycle
[2022-05-30T15:29:44.557+0000][gc,marking    ] GC(5) Concurrent Clear Claimed Marks
[2022-05-30T15:29:44.557+0000][gc,marking    ] GC(5) Concurrent Clear Claimed Marks 0.076ms
[2022-05-30T15:29:44.557+0000][gc,marking    ] GC(5) Concurrent Scan Root Regions
[2022-05-30T15:29:44.558+0000][gc,marking    ] GC(5) Concurrent Scan Root Regions 1.496ms
[2022-05-30T15:29:44.558+0000][gc,marking    ] GC(5) Concurrent Mark (3.157s)
[2022-05-30T15:29:44.558+0000][gc,marking    ] GC(5) Concurrent Mark From Roots
[2022-05-30T15:29:44.558+0000][gc,task       ] GC(5) Using 1 workers of 1 for marking
[2022-05-30T15:29:44.587+0000][gc,marking    ] GC(5) Concurrent Mark From Roots 28.413ms
[2022-05-30T15:29:44.587+0000][gc,marking    ] GC(5) Concurrent Preclean
[2022-05-30T15:29:44.587+0000][gc,marking    ] GC(5) Concurrent Preclean 0.070ms
[2022-05-30T15:29:44.587+0000][gc,marking    ] GC(5) Concurrent Mark (3.157s, 3.186s) 28.525ms
[2022-05-30T15:29:44.598+0000][gc,start      ] GC(5) Pause Remark
[2022-05-30T15:29:44.603+0000][gc,stringtable] GC(5) Cleaned string and symbol table, strings: 10279 processed, 12 removed, symbols: 83188 processed, 16 removed
[2022-05-30T15:29:44.603+0000][gc            ] GC(5) Pause Remark 144M->144M(1024M) 5.069ms
[2022-05-30T15:29:44.603+0000][gc,cpu        ] GC(5) User=0.01s Sys=0.00s Real=0.01s
[2022-05-30T15:29:44.603+0000][gc,marking    ] GC(5) Concurrent Rebuild Remembered Sets
[2022-05-30T15:29:44.630+0000][gc,marking    ] GC(5) Concurrent Rebuild Remembered Sets 27.025ms
[2022-05-30T15:29:44.631+0000][gc,start      ] GC(5) Pause Cleanup
[2022-05-30T15:29:44.631+0000][gc            ] GC(5) Pause Cleanup 146M->146M(1024M) 0.202ms
[2022-05-30T15:29:44.631+0000][gc,cpu        ] GC(5) User=0.00s Sys=0.00s Real=0.00s
[2022-05-30T15:29:44.631+0000][gc,marking    ] GC(5) Concurrent Cleanup for Next Mark
[2022-05-30T15:29:44.670+0000][gc,marking    ] GC(5) Concurrent Cleanup for Next Mark 38.788ms
[2022-05-30T15:29:44.670+0000][gc            ] GC(5) Concurrent Cycle 113.439ms
[2022-05-30T15:38:07.437+0000][gc,start      ] GC(6) Pause Young (Normal) (G1 Evacuation Pause)
[2022-05-30T15:38:07.437+0000][gc,task       ] GC(6) Using 2 workers of 2 for evacuation
[2022-05-30T15:38:07.448+0000][gc,phases     ] GC(6)   Pre Evacuate Collection Set: 0.0ms
[2022-05-30T15:38:07.448+0000][gc,phases     ] GC(6)   Evacuate Collection Set: 10.5ms
[2022-05-30T15:38:07.448+0000][gc,phases     ] GC(6)   Post Evacuate Collection Set: 0.5ms
[2022-05-30T15:38:07.448+0000][gc,phases     ] GC(6)   Other: 0.2ms
[2022-05-30T15:38:07.448+0000][gc,heap       ] GC(6) Eden regions: 49->0(47)
[2022-05-30T15:38:07.448+0000][gc,heap       ] GC(6) Survivor regions: 2->4(7)
[2022-05-30T15:38:07.448+0000][gc,heap       ] GC(6) Old regions: 13->13
[2022-05-30T15:38:07.448+0000][gc,heap       ] GC(6) Humongous regions: 129->129
[2022-05-30T15:38:07.448+0000][gc,metaspace  ] GC(6) Metaspace: 41765K->41765K(1087488K)
[2022-05-30T15:38:07.448+0000][gc            ] GC(6) Pause Young (Normal) (G1 Evacuation Pause) 191M->144M(1024M) 11.305ms
[2022-05-30T15:38:07.448+0000][gc,cpu        ] GC(6) User=0.02s Sys=0.00s Real=0.01s
[2022-05-30T15:47:01.031+0000][gc,start      ] GC(7) Pause Young (Normal) (G1 Evacuation Pause)
[2022-05-30T15:47:01.031+0000][gc,task       ] GC(7) Using 2 workers of 2 for evacuation
[2022-05-30T15:47:01.044+0000][gc,phases     ] GC(7)   Pre Evacuate Collection Set: 0.0ms
[2022-05-30T15:47:01.044+0000][gc,phases     ] GC(7)   Evacuate Collection Set: 12.4ms
[2022-05-30T15:47:01.044+0000][gc,phases     ] GC(7)   Post Evacuate Collection Set: 0.4ms
[2022-05-30T15:47:01.044+0000][gc,phases     ] GC(7)   Other: 0.2ms
[2022-05-30T15:47:01.044+0000][gc,heap       ] GC(7) Eden regions: 47->0(46)
[2022-05-30T15:47:01.044+0000][gc,heap       ] GC(7) Survivor regions: 4->5(7)
[2022-05-30T15:47:01.044+0000][gc,heap       ] GC(7) Old regions: 13->15
[2022-05-30T15:47:01.044+0000][gc,heap       ] GC(7) Humongous regions: 129->129
[2022-05-30T15:47:01.044+0000][gc,metaspace  ] GC(7) Metaspace: 42590K->42590K(1087488K)
[2022-05-30T15:47:01.044+0000][gc            ] GC(7) Pause Young (Normal) (G1 Evacuation Pause) 191M->146M(1024M) 13.044ms
[2022-05-30T15:47:01.044+0000][gc,cpu        ] GC(7) User=0.02s Sys=0.00s Real=0.02s
[2022-05-30T15:49:18.749+0000][gc,start      ] GC(8) Pause Young (Normal) (G1 Evacuation Pause)
[2022-05-30T15:49:18.749+0000][gc,task       ] GC(8) Using 2 workers of 2 for evacuation
[2022-05-30T15:49:18.763+0000][gc,phases     ] GC(8)   Pre Evacuate Collection Set: 0.0ms
[2022-05-30T15:49:18.763+0000][gc,phases     ] GC(8)   Evacuate Collection Set: 13.0ms
[2022-05-30T15:49:18.763+0000][gc,phases     ] GC(8)   Post Evacuate Collection Set: 0.6ms
[2022-05-30T15:49:18.763+0000][gc,phases     ] GC(8)   Other: 0.1ms
[2022-05-30T15:49:18.763+0000][gc,heap       ] GC(8) Eden regions: 46->0(47)
[2022-05-30T15:49:18.763+0000][gc,heap       ] GC(8) Survivor regions: 5->4(7)
[2022-05-30T15:49:18.763+0000][gc,heap       ] GC(8) Old regions: 15->16
[2022-05-30T15:49:18.763+0000][gc,heap       ] GC(8) Humongous regions: 129->129
[2022-05-30T15:49:18.763+0000][gc,metaspace  ] GC(8) Metaspace: 44351K->44351K(1089536K)
[2022-05-30T15:49:18.763+0000][gc            ] GC(8) Pause Young (Normal) (G1 Evacuation Pause) 192M->147M(1024M) 13.822ms
[2022-05-30T15:49:18.763+0000][gc,cpu        ] GC(8) User=0.02s Sys=0.00s Real=0.02s
[2022-05-30T15:49:20.030+0000][gc,heap,exit  ] Heap
[2022-05-30T15:49:20.030+0000][gc,heap,exit  ]  garbage-first heap   total 1048576K, used 157064K [0x00000000c0000000, 0x0000000100000000)
[2022-05-30T15:49:20.030+0000][gc,heap,exit  ]   region size 1024K, 11 young (11264K), 4 survivors (4096K)
[2022-05-30T15:49:20.030+0000][gc,heap,exit  ]  Metaspace       used 44778K, capacity 47614K, committed 47872K, reserved 1089536K
[2022-05-30T15:49:20.030+0000][gc,heap,exit  ]   class space    used 5906K, capacity 7313K, committed 7424K, reserved 1048576K
