[2022-05-29T18:46:47.900+0000][gc,heap] Heap region size: 1M
[2022-05-29T18:46:47.909+0000][gc     ] Using G1
[2022-05-29T18:46:47.909+0000][gc,heap,coops] Heap address: 0x00000000c0000000, size: 1024 MB, Compressed Oops mode: 32-bit
[2022-05-29T18:46:47.910+0000][gc,cds       ] Mark closed archive regions in map: [0x00000000fff00000, 0x00000000fff6aff8]
[2022-05-29T18:46:47.910+0000][gc,cds       ] Mark open archive regions in map: [0x00000000ffe00000, 0x00000000ffe46ff8]
[2022-05-29T18:46:49.173+0000][gc,start     ] GC(0) Pause Young (Normal) (G1 Evacuation Pause)
[2022-05-29T18:46:49.173+0000][gc,task      ] GC(0) Using 2 workers of 2 for evacuation
[2022-05-29T18:46:49.188+0000][gc,phases    ] GC(0)   Pre Evacuate Collection Set: 0.0ms
[2022-05-29T18:46:49.188+0000][gc,phases    ] GC(0)   Evacuate Collection Set: 15.1ms
[2022-05-29T18:46:49.188+0000][gc,phases    ] GC(0)   Post Evacuate Collection Set: 0.4ms
[2022-05-29T18:46:49.188+0000][gc,phases    ] GC(0)   Other: 0.3ms
[2022-05-29T18:46:49.188+0000][gc,heap      ] GC(0) Eden regions: 51->0(44)
[2022-05-29T18:46:49.188+0000][gc,heap      ] GC(0) Survivor regions: 0->7(7)
[2022-05-29T18:46:49.188+0000][gc,heap      ] GC(0) Old regions: 2->2
[2022-05-29T18:46:49.188+0000][gc,heap      ] GC(0) Humongous regions: 0->0
[2022-05-29T18:46:49.188+0000][gc,metaspace ] GC(0) Metaspace: 14869K->14869K(1062912K)
[2022-05-29T18:46:49.189+0000][gc           ] GC(0) Pause Young (Normal) (G1 Evacuation Pause) 51M->7M(1024M) 15.894ms
[2022-05-29T18:46:49.189+0000][gc,cpu       ] GC(0) User=0.03s Sys=0.01s Real=0.01s
[2022-05-29T18:46:49.701+0000][gc,start     ] GC(1) Pause Young (Concurrent Start) (Metadata GC Threshold)
[2022-05-29T18:46:49.701+0000][gc,task      ] GC(1) Using 2 workers of 2 for evacuation
[2022-05-29T18:46:49.718+0000][gc,phases    ] GC(1)   Pre Evacuate Collection Set: 0.1ms
[2022-05-29T18:46:49.718+0000][gc,phases    ] GC(1)   Evacuate Collection Set: 16.5ms
[2022-05-29T18:46:49.718+0000][gc,phases    ] GC(1)   Post Evacuate Collection Set: 0.3ms
[2022-05-29T18:46:49.718+0000][gc,phases    ] GC(1)   Other: 0.2ms
[2022-05-29T18:46:49.718+0000][gc,heap      ] GC(1) Eden regions: 24->0(50)
[2022-05-29T18:46:49.718+0000][gc,heap      ] GC(1) Survivor regions: 7->1(7)
[2022-05-29T18:46:49.718+0000][gc,heap      ] GC(1) Old regions: 2->9
[2022-05-29T18:46:49.718+0000][gc,heap      ] GC(1) Humongous regions: 0->0
[2022-05-29T18:46:49.718+0000][gc,metaspace ] GC(1) Metaspace: 20673K->20673K(1067008K)
[2022-05-29T18:46:49.718+0000][gc           ] GC(1) Pause Young (Concurrent Start) (Metadata GC Threshold) 31M->8M(1024M) 17.191ms
[2022-05-29T18:46:49.718+0000][gc,cpu       ] GC(1) User=0.03s Sys=0.00s Real=0.02s
[2022-05-29T18:46:49.718+0000][gc           ] GC(2) Concurrent Cycle
[2022-05-29T18:46:49.718+0000][gc,marking   ] GC(2) Concurrent Clear Claimed Marks
[2022-05-29T18:46:49.718+0000][gc,marking   ] GC(2) Concurrent Clear Claimed Marks 0.033ms
[2022-05-29T18:46:49.718+0000][gc,marking   ] GC(2) Concurrent Scan Root Regions
[2022-05-29T18:46:49.719+0000][gc,marking   ] GC(2) Concurrent Scan Root Regions 0.794ms
[2022-05-29T18:46:49.719+0000][gc,marking   ] GC(2) Concurrent Mark (1.839s)
[2022-05-29T18:46:49.719+0000][gc,marking   ] GC(2) Concurrent Mark From Roots
[2022-05-29T18:46:49.719+0000][gc,task      ] GC(2) Using 1 workers of 1 for marking
[2022-05-29T18:46:49.735+0000][gc,marking   ] GC(2) Concurrent Mark From Roots 16.221ms
[2022-05-29T18:46:49.735+0000][gc,marking   ] GC(2) Concurrent Preclean
[2022-05-29T18:46:49.735+0000][gc,marking   ] GC(2) Concurrent Preclean 0.197ms
[2022-05-29T18:46:49.735+0000][gc,marking   ] GC(2) Concurrent Mark (1.839s, 1.856s) 16.475ms
[2022-05-29T18:46:49.735+0000][gc,start     ] GC(2) Pause Remark
[2022-05-29T18:46:49.742+0000][gc,stringtable] GC(2) Cleaned string and symbol table, strings: 5171 processed, 0 removed, symbols: 51117 processed, 45 removed
[2022-05-29T18:46:49.742+0000][gc            ] GC(2) Pause Remark 8M->8M(1024M) 6.647ms
[2022-05-29T18:46:49.742+0000][gc,cpu        ] GC(2) User=0.01s Sys=0.00s Real=0.00s
[2022-05-29T18:46:49.747+0000][gc,marking    ] GC(2) Concurrent Rebuild Remembered Sets
[2022-05-29T18:46:49.754+0000][gc,marking    ] GC(2) Concurrent Rebuild Remembered Sets 6.724ms
[2022-05-29T18:46:49.754+0000][gc,start      ] GC(2) Pause Cleanup
[2022-05-29T18:46:49.754+0000][gc            ] GC(2) Pause Cleanup 9M->9M(1024M) 0.260ms
[2022-05-29T18:46:49.754+0000][gc,cpu        ] GC(2) User=0.00s Sys=0.00s Real=0.00s
[2022-05-29T18:46:49.754+0000][gc,marking    ] GC(2) Concurrent Cleanup for Next Mark
[2022-05-29T18:46:49.776+0000][gc,marking    ] GC(2) Concurrent Cleanup for Next Mark 22.334ms
[2022-05-29T18:46:49.776+0000][gc            ] GC(2) Concurrent Cycle 58.650ms
[2022-05-29T18:46:50.638+0000][gc,start      ] GC(3) Pause Young (Normal) (G1 Evacuation Pause)
[2022-05-29T18:46:50.638+0000][gc,task       ] GC(3) Using 2 workers of 2 for evacuation
[2022-05-29T18:46:50.655+0000][gc,phases     ] GC(3)   Pre Evacuate Collection Set: 0.0ms
[2022-05-29T18:46:50.655+0000][gc,phases     ] GC(3)   Evacuate Collection Set: 16.5ms
[2022-05-29T18:46:50.655+0000][gc,phases     ] GC(3)   Post Evacuate Collection Set: 0.3ms
[2022-05-29T18:46:50.655+0000][gc,phases     ] GC(3)   Other: 0.2ms
[2022-05-29T18:46:50.655+0000][gc,heap       ] GC(3) Eden regions: 50->0(46)
[2022-05-29T18:46:50.655+0000][gc,heap       ] GC(3) Survivor regions: 1->5(7)
[2022-05-29T18:46:50.655+0000][gc,heap       ] GC(3) Old regions: 9->9
[2022-05-29T18:46:50.655+0000][gc,heap       ] GC(3) Humongous regions: 129->129
[2022-05-29T18:46:50.655+0000][gc,metaspace  ] GC(3) Metaspace: 29185K->29185K(1075200K)
[2022-05-29T18:46:50.655+0000][gc            ] GC(3) Pause Young (Normal) (G1 Evacuation Pause) 187M->140M(1024M) 17.110ms
[2022-05-29T18:46:50.655+0000][gc,cpu        ] GC(3) User=0.04s Sys=0.00s Real=0.02s
[2022-05-29T18:46:51.099+0000][gc,start      ] GC(4) Pause Young (Concurrent Start) (Metadata GC Threshold)
[2022-05-29T18:46:51.099+0000][gc,task       ] GC(4) Using 2 workers of 2 for evacuation
[2022-05-29T18:46:51.113+0000][gc,phases     ] GC(4)   Pre Evacuate Collection Set: 0.1ms
[2022-05-29T18:46:51.113+0000][gc,phases     ] GC(4)   Evacuate Collection Set: 13.1ms
[2022-05-29T18:46:51.113+0000][gc,phases     ] GC(4)   Post Evacuate Collection Set: 0.3ms
[2022-05-29T18:46:51.113+0000][gc,phases     ] GC(4)   Other: 0.3ms
[2022-05-29T18:46:51.113+0000][gc,heap       ] GC(4) Eden regions: 24->0(49)
[2022-05-29T18:46:51.113+0000][gc,heap       ] GC(4) Survivor regions: 5->2(7)
[2022-05-29T18:46:51.113+0000][gc,heap       ] GC(4) Old regions: 9->13
[2022-05-29T18:46:51.113+0000][gc,heap       ] GC(4) Humongous regions: 129->129
[2022-05-29T18:46:51.113+0000][gc,metaspace  ] GC(4) Metaspace: 34272K->34272K(1081344K)
[2022-05-29T18:46:51.113+0000][gc            ] GC(4) Pause Young (Concurrent Start) (Metadata GC Threshold) 164M->142M(1024M) 13.912ms
[2022-05-29T18:46:51.113+0000][gc,cpu        ] GC(4) User=0.03s Sys=0.00s Real=0.02s
[2022-05-29T18:46:51.113+0000][gc            ] GC(5) Concurrent Cycle
[2022-05-29T18:46:51.113+0000][gc,marking    ] GC(5) Concurrent Clear Claimed Marks
[2022-05-29T18:46:51.113+0000][gc,marking    ] GC(5) Concurrent Clear Claimed Marks 0.065ms
[2022-05-29T18:46:51.113+0000][gc,marking    ] GC(5) Concurrent Scan Root Regions
[2022-05-29T18:46:51.115+0000][gc,marking    ] GC(5) Concurrent Scan Root Regions 1.888ms
[2022-05-29T18:46:51.115+0000][gc,marking    ] GC(5) Concurrent Mark (3.235s)
[2022-05-29T18:46:51.115+0000][gc,marking    ] GC(5) Concurrent Mark From Roots
[2022-05-29T18:46:51.115+0000][gc,task       ] GC(5) Using 1 workers of 1 for marking
[2022-05-29T18:46:51.172+0000][gc,marking    ] GC(5) Concurrent Mark From Roots 56.739ms
[2022-05-29T18:46:51.172+0000][gc,marking    ] GC(5) Concurrent Preclean
[2022-05-29T18:46:51.172+0000][gc,marking    ] GC(5) Concurrent Preclean 0.082ms
[2022-05-29T18:46:51.172+0000][gc,marking    ] GC(5) Concurrent Mark (3.235s, 3.292s) 56.869ms
[2022-05-29T18:46:51.182+0000][gc,start      ] GC(5) Pause Remark
[2022-05-29T18:46:51.191+0000][gc,stringtable] GC(5) Cleaned string and symbol table, strings: 10276 processed, 12 removed, symbols: 83548 processed, 13 removed
[2022-05-29T18:46:51.191+0000][gc            ] GC(5) Pause Remark 146M->146M(1024M) 9.362ms
[2022-05-29T18:46:51.191+0000][gc,cpu        ] GC(5) User=0.02s Sys=0.00s Real=0.02s
[2022-05-29T18:46:51.191+0000][gc,marking    ] GC(5) Concurrent Rebuild Remembered Sets
[2022-05-29T18:46:51.244+0000][gc,marking    ] GC(5) Concurrent Rebuild Remembered Sets 52.728ms
[2022-05-29T18:46:51.244+0000][gc,start      ] GC(5) Pause Cleanup
[2022-05-29T18:46:51.245+0000][gc            ] GC(5) Pause Cleanup 149M->149M(1024M) 0.290ms
[2022-05-29T18:46:51.245+0000][gc,cpu        ] GC(5) User=0.00s Sys=0.00s Real=0.00s
[2022-05-29T18:46:51.245+0000][gc,marking    ] GC(5) Concurrent Cleanup for Next Mark
[2022-05-29T18:46:51.280+0000][gc,marking    ] GC(5) Concurrent Cleanup for Next Mark 35.290ms
[2022-05-29T18:46:51.280+0000][gc            ] GC(5) Concurrent Cycle 167.241ms
[2022-05-29T18:56:15.355+0000][gc,start      ] GC(6) Pause Young (Normal) (G1 Evacuation Pause)
[2022-05-29T18:56:15.355+0000][gc,task       ] GC(6) Using 2 workers of 2 for evacuation
[2022-05-29T18:56:15.367+0000][gc,phases     ] GC(6)   Pre Evacuate Collection Set: 0.0ms
[2022-05-29T18:56:15.367+0000][gc,phases     ] GC(6)   Evacuate Collection Set: 11.2ms
[2022-05-29T18:56:15.367+0000][gc,phases     ] GC(6)   Post Evacuate Collection Set: 0.5ms
[2022-05-29T18:56:15.367+0000][gc,phases     ] GC(6)   Other: 0.2ms
[2022-05-29T18:56:15.367+0000][gc,heap       ] GC(6) Eden regions: 49->0(47)
[2022-05-29T18:56:15.367+0000][gc,heap       ] GC(6) Survivor regions: 2->4(7)
[2022-05-29T18:56:15.367+0000][gc,heap       ] GC(6) Old regions: 13->13
[2022-05-29T18:56:15.367+0000][gc,heap       ] GC(6) Humongous regions: 129->129
[2022-05-29T18:56:15.367+0000][gc,metaspace  ] GC(6) Metaspace: 40823K->40823K(1085440K)
[2022-05-29T18:56:15.367+0000][gc            ] GC(6) Pause Young (Normal) (G1 Evacuation Pause) 191M->144M(1024M) 12.003ms
[2022-05-29T18:56:15.367+0000][gc,cpu        ] GC(6) User=0.02s Sys=0.00s Real=0.01s
[2022-05-29T19:11:51.306+0000][gc,start      ] GC(7) Pause Young (Normal) (G1 Evacuation Pause)
[2022-05-29T19:11:51.306+0000][gc,task       ] GC(7) Using 2 workers of 2 for evacuation
[2022-05-29T19:11:51.318+0000][gc,phases     ] GC(7)   Pre Evacuate Collection Set: 0.0ms
[2022-05-29T19:11:51.318+0000][gc,phases     ] GC(7)   Evacuate Collection Set: 11.7ms
[2022-05-29T19:11:51.318+0000][gc,phases     ] GC(7)   Post Evacuate Collection Set: 0.4ms
[2022-05-29T19:11:51.318+0000][gc,phases     ] GC(7)   Other: 0.2ms
[2022-05-29T19:11:51.318+0000][gc,heap       ] GC(7) Eden regions: 47->0(47)
[2022-05-29T19:11:51.318+0000][gc,heap       ] GC(7) Survivor regions: 4->4(7)
[2022-05-29T19:11:51.318+0000][gc,heap       ] GC(7) Old regions: 13->15
[2022-05-29T19:11:51.318+0000][gc,heap       ] GC(7) Humongous regions: 129->129
[2022-05-29T19:11:51.318+0000][gc,metaspace  ] GC(7) Metaspace: 41166K->41166K(1087488K)
[2022-05-29T19:11:51.318+0000][gc            ] GC(7) Pause Young (Normal) (G1 Evacuation Pause) 191M->145M(1024M) 12.315ms
[2022-05-29T19:11:51.318+0000][gc,cpu        ] GC(7) User=0.02s Sys=0.00s Real=0.01s
[2022-05-29T19:27:55.874+0000][gc,heap,exit  ] Heap
[2022-05-29T19:27:55.874+0000][gc,heap,exit  ]  garbage-first heap   total 1048576K, used 191400K [0x00000000c0000000, 0x0000000100000000)
[2022-05-29T19:27:55.874+0000][gc,heap,exit  ]   region size 1024K, 47 young (48128K), 4 survivors (4096K)
[2022-05-29T19:27:55.874+0000][gc,heap,exit  ]  Metaspace       used 42218K, capacity 44643K, committed 44748K, reserved 1087488K
[2022-05-29T19:27:55.874+0000][gc,heap,exit  ]   class space    used 5402K, capacity 6576K, committed 6656K, reserved 1048576K
