[2022-05-29T20:30:26.814+0000][gc,heap] Heap region size: 1M
[2022-05-29T20:30:26.824+0000][gc     ] Using G1
[2022-05-29T20:30:26.824+0000][gc,heap,coops] Heap address: 0x00000000c0000000, size: 1024 MB, Compressed Oops mode: 32-bit
[2022-05-29T20:30:26.825+0000][gc,cds       ] Mark closed archive regions in map: [0x00000000fff00000, 0x00000000fff6aff8]
[2022-05-29T20:30:26.825+0000][gc,cds       ] Mark open archive regions in map: [0x00000000ffe00000, 0x00000000ffe46ff8]
[2022-05-29T20:30:27.945+0000][gc,start     ] GC(0) Pause Young (Normal) (G1 Evacuation Pause)
[2022-05-29T20:30:27.946+0000][gc,task      ] GC(0) Using 2 workers of 2 for evacuation
[2022-05-29T20:30:27.960+0000][gc,phases    ] GC(0)   Pre Evacuate Collection Set: 0.0ms
[2022-05-29T20:30:27.960+0000][gc,phases    ] GC(0)   Evacuate Collection Set: 14.0ms
[2022-05-29T20:30:27.960+0000][gc,phases    ] GC(0)   Post Evacuate Collection Set: 0.4ms
[2022-05-29T20:30:27.960+0000][gc,phases    ] GC(0)   Other: 1.0ms
[2022-05-29T20:30:27.961+0000][gc,heap      ] GC(0) Eden regions: 51->0(44)
[2022-05-29T20:30:27.961+0000][gc,heap      ] GC(0) Survivor regions: 0->7(7)
[2022-05-29T20:30:27.961+0000][gc,heap      ] GC(0) Old regions: 2->2
[2022-05-29T20:30:27.961+0000][gc,heap      ] GC(0) Humongous regions: 0->0
[2022-05-29T20:30:27.961+0000][gc,metaspace ] GC(0) Metaspace: 14812K->14812K(1062912K)
[2022-05-29T20:30:27.961+0000][gc           ] GC(0) Pause Young (Normal) (G1 Evacuation Pause) 51M->7M(1024M) 15.478ms
[2022-05-29T20:30:27.961+0000][gc,cpu       ] GC(0) User=0.03s Sys=0.00s Real=0.01s
[2022-05-29T20:30:28.503+0000][gc,start     ] GC(1) Pause Young (Concurrent Start) (Metadata GC Threshold)
[2022-05-29T20:30:28.504+0000][gc,task      ] GC(1) Using 2 workers of 2 for evacuation
[2022-05-29T20:30:28.528+0000][gc,mmu       ] GC(1) MMU target violated: 21.0ms (20.0ms/21.0ms)
[2022-05-29T20:30:28.528+0000][gc,phases    ] GC(1)   Pre Evacuate Collection Set: 0.1ms
[2022-05-29T20:30:28.528+0000][gc,phases    ] GC(1)   Evacuate Collection Set: 23.7ms
[2022-05-29T20:30:28.528+0000][gc,phases    ] GC(1)   Post Evacuate Collection Set: 0.3ms
[2022-05-29T20:30:28.528+0000][gc,phases    ] GC(1)   Other: 0.3ms
[2022-05-29T20:30:28.528+0000][gc,heap      ] GC(1) Eden regions: 24->0(50)
[2022-05-29T20:30:28.528+0000][gc,heap      ] GC(1) Survivor regions: 7->1(7)
[2022-05-29T20:30:28.528+0000][gc,heap      ] GC(1) Old regions: 2->9
[2022-05-29T20:30:28.528+0000][gc,heap      ] GC(1) Humongous regions: 0->0
[2022-05-29T20:30:28.528+0000][gc,metaspace ] GC(1) Metaspace: 20663K->20663K(1067008K)
[2022-05-29T20:30:28.528+0000][gc           ] GC(1) Pause Young (Concurrent Start) (Metadata GC Threshold) 30M->8M(1024M) 24.498ms
[2022-05-29T20:30:28.528+0000][gc,cpu       ] GC(1) User=0.04s Sys=0.01s Real=0.02s
[2022-05-29T20:30:28.528+0000][gc           ] GC(2) Concurrent Cycle
[2022-05-29T20:30:28.528+0000][gc,marking   ] GC(2) Concurrent Clear Claimed Marks
[2022-05-29T20:30:28.528+0000][gc,marking   ] GC(2) Concurrent Clear Claimed Marks 0.040ms
[2022-05-29T20:30:28.528+0000][gc,marking   ] GC(2) Concurrent Scan Root Regions
[2022-05-29T20:30:28.529+0000][gc,marking   ] GC(2) Concurrent Scan Root Regions 0.795ms
[2022-05-29T20:30:28.529+0000][gc,marking   ] GC(2) Concurrent Mark (1.717s)
[2022-05-29T20:30:28.529+0000][gc,marking   ] GC(2) Concurrent Mark From Roots
[2022-05-29T20:30:28.529+0000][gc,task      ] GC(2) Using 1 workers of 1 for marking
[2022-05-29T20:30:28.549+0000][gc,marking   ] GC(2) Concurrent Mark From Roots 19.943ms
[2022-05-29T20:30:28.549+0000][gc,marking   ] GC(2) Concurrent Preclean
[2022-05-29T20:30:28.549+0000][gc,marking   ] GC(2) Concurrent Preclean 0.079ms
[2022-05-29T20:30:28.549+0000][gc,marking   ] GC(2) Concurrent Mark (1.717s, 1.737s) 20.068ms
[2022-05-29T20:30:28.549+0000][gc,start     ] GC(2) Pause Remark
[2022-05-29T20:30:28.552+0000][gc,stringtable] GC(2) Cleaned string and symbol table, strings: 5116 processed, 0 removed, symbols: 50872 processed, 42 removed
[2022-05-29T20:30:28.552+0000][gc            ] GC(2) Pause Remark 8M->8M(1024M) 3.210ms
[2022-05-29T20:30:28.552+0000][gc,cpu        ] GC(2) User=0.00s Sys=0.00s Real=0.01s
[2022-05-29T20:30:28.553+0000][gc,marking    ] GC(2) Concurrent Rebuild Remembered Sets
[2022-05-29T20:30:28.561+0000][gc,marking    ] GC(2) Concurrent Rebuild Remembered Sets 8.600ms
[2022-05-29T20:30:28.562+0000][gc,start      ] GC(2) Pause Cleanup
[2022-05-29T20:30:28.563+0000][gc            ] GC(2) Pause Cleanup 9M->9M(1024M) 0.225ms
[2022-05-29T20:30:28.563+0000][gc,cpu        ] GC(2) User=0.00s Sys=0.00s Real=0.00s
[2022-05-29T20:30:28.563+0000][gc,marking    ] GC(2) Concurrent Cleanup for Next Mark
[2022-05-29T20:30:28.575+0000][gc,marking    ] GC(2) Concurrent Cleanup for Next Mark 12.137ms
[2022-05-29T20:30:28.575+0000][gc            ] GC(2) Concurrent Cycle 46.928ms
[2022-05-29T20:30:29.502+0000][gc,start      ] GC(3) Pause Young (Normal) (G1 Evacuation Pause)
[2022-05-29T20:30:29.502+0000][gc,task       ] GC(3) Using 2 workers of 2 for evacuation
[2022-05-29T20:30:29.510+0000][gc,phases     ] GC(3)   Pre Evacuate Collection Set: 0.0ms
[2022-05-29T20:30:29.510+0000][gc,phases     ] GC(3)   Evacuate Collection Set: 8.1ms
[2022-05-29T20:30:29.510+0000][gc,phases     ] GC(3)   Post Evacuate Collection Set: 0.3ms
[2022-05-29T20:30:29.510+0000][gc,phases     ] GC(3)   Other: 0.2ms
[2022-05-29T20:30:29.510+0000][gc,heap       ] GC(3) Eden regions: 50->0(46)
[2022-05-29T20:30:29.510+0000][gc,heap       ] GC(3) Survivor regions: 1->5(7)
[2022-05-29T20:30:29.510+0000][gc,heap       ] GC(3) Old regions: 9->9
[2022-05-29T20:30:29.510+0000][gc,heap       ] GC(3) Humongous regions: 129->129
[2022-05-29T20:30:29.510+0000][gc,metaspace  ] GC(3) Metaspace: 29900K->29900K(1077248K)
[2022-05-29T20:30:29.510+0000][gc            ] GC(3) Pause Young (Normal) (G1 Evacuation Pause) 187M->140M(1024M) 8.666ms
[2022-05-29T20:30:29.510+0000][gc,cpu        ] GC(3) User=0.01s Sys=0.00s Real=0.01s
[2022-05-29T20:30:29.878+0000][gc,start      ] GC(4) Pause Young (Concurrent Start) (Metadata GC Threshold)
[2022-05-29T20:30:29.878+0000][gc,task       ] GC(4) Using 2 workers of 2 for evacuation
[2022-05-29T20:30:29.890+0000][gc,phases     ] GC(4)   Pre Evacuate Collection Set: 0.1ms
[2022-05-29T20:30:29.890+0000][gc,phases     ] GC(4)   Evacuate Collection Set: 11.0ms
[2022-05-29T20:30:29.890+0000][gc,phases     ] GC(4)   Post Evacuate Collection Set: 0.3ms
[2022-05-29T20:30:29.890+0000][gc,phases     ] GC(4)   Other: 0.2ms
[2022-05-29T20:30:29.890+0000][gc,heap       ] GC(4) Eden regions: 24->0(45)
[2022-05-29T20:30:29.890+0000][gc,heap       ] GC(4) Survivor regions: 5->6(7)
[2022-05-29T20:30:29.890+0000][gc,heap       ] GC(4) Old regions: 9->10
[2022-05-29T20:30:29.890+0000][gc,heap       ] GC(4) Humongous regions: 129->129
[2022-05-29T20:30:29.890+0000][gc,metaspace  ] GC(4) Metaspace: 34683K->34683K(1081344K)
[2022-05-29T20:30:29.890+0000][gc            ] GC(4) Pause Young (Concurrent Start) (Metadata GC Threshold) 163M->142M(1024M) 11.744ms
[2022-05-29T20:30:29.890+0000][gc,cpu        ] GC(4) User=0.02s Sys=0.00s Real=0.01s
[2022-05-29T20:30:29.890+0000][gc            ] GC(5) Concurrent Cycle
[2022-05-29T20:30:29.890+0000][gc,marking    ] GC(5) Concurrent Clear Claimed Marks
[2022-05-29T20:30:29.890+0000][gc,marking    ] GC(5) Concurrent Clear Claimed Marks 0.088ms
[2022-05-29T20:30:29.890+0000][gc,marking    ] GC(5) Concurrent Scan Root Regions
[2022-05-29T20:30:29.895+0000][gc,marking    ] GC(5) Concurrent Scan Root Regions 4.751ms
[2022-05-29T20:30:29.895+0000][gc,marking    ] GC(5) Concurrent Mark (3.083s)
[2022-05-29T20:30:29.895+0000][gc,marking    ] GC(5) Concurrent Mark From Roots
[2022-05-29T20:30:29.895+0000][gc,task       ] GC(5) Using 1 workers of 1 for marking
[2022-05-29T20:30:29.934+0000][gc,marking    ] GC(5) Concurrent Mark From Roots 39.138ms
[2022-05-29T20:30:29.934+0000][gc,marking    ] GC(5) Concurrent Preclean
[2022-05-29T20:30:29.935+0000][gc,marking    ] GC(5) Concurrent Preclean 0.502ms
[2022-05-29T20:30:29.935+0000][gc,marking    ] GC(5) Concurrent Mark (3.083s, 3.123s) 39.688ms
[2022-05-29T20:30:29.935+0000][gc,start      ] GC(5) Pause Remark
[2022-05-29T20:30:29.940+0000][gc,stringtable] GC(5) Cleaned string and symbol table, strings: 10291 processed, 10 removed, symbols: 84896 processed, 14 removed
[2022-05-29T20:30:29.940+0000][gc            ] GC(5) Pause Remark 144M->144M(1024M) 5.808ms
[2022-05-29T20:30:29.941+0000][gc,cpu        ] GC(5) User=0.01s Sys=0.00s Real=0.00s
[2022-05-29T20:30:29.941+0000][gc,marking    ] GC(5) Concurrent Rebuild Remembered Sets
[2022-05-29T20:30:29.992+0000][gc,marking    ] GC(5) Concurrent Rebuild Remembered Sets 51.049ms
[2022-05-29T20:30:29.993+0000][gc,start      ] GC(5) Pause Cleanup
[2022-05-29T20:30:29.994+0000][gc            ] GC(5) Pause Cleanup 147M->147M(1024M) 0.306ms
[2022-05-29T20:30:29.994+0000][gc,cpu        ] GC(5) User=0.00s Sys=0.00s Real=0.00s
[2022-05-29T20:30:29.994+0000][gc,marking    ] GC(5) Concurrent Cleanup for Next Mark
[2022-05-29T20:30:30.026+0000][gc,marking    ] GC(5) Concurrent Cleanup for Next Mark 32.202ms
[2022-05-29T20:30:30.026+0000][gc            ] GC(5) Concurrent Cycle 135.852ms
[2022-05-29T20:37:25.234+0000][gc,start      ] GC(6) Pause Young (Concurrent Start) (G1 Evacuation Pause)
[2022-05-29T20:37:25.234+0000][gc,task       ] GC(6) Using 2 workers of 2 for evacuation
[2022-05-29T20:37:25.252+0000][gc,phases     ] GC(6)   Pre Evacuate Collection Set: 0.2ms
[2022-05-29T20:37:25.252+0000][gc,phases     ] GC(6)   Evacuate Collection Set: 17.2ms
[2022-05-29T20:37:25.252+0000][gc,phases     ] GC(6)   Post Evacuate Collection Set: 0.6ms
[2022-05-29T20:37:25.252+0000][gc,phases     ] GC(6)   Other: 0.3ms
[2022-05-29T20:37:25.252+0000][gc,heap       ] GC(6) Eden regions: 45->0(46)
[2022-05-29T20:37:25.252+0000][gc,heap       ] GC(6) Survivor regions: 6->5(7)
[2022-05-29T20:37:25.252+0000][gc,heap       ] GC(6) Old regions: 10->13
[2022-05-29T20:37:25.252+0000][gc,heap       ] GC(6) Humongous regions: 129->129
[2022-05-29T20:37:25.252+0000][gc,metaspace  ] GC(6) Metaspace: 41227K->41227K(1087488K)
[2022-05-29T20:37:25.252+0000][gc            ] GC(6) Pause Young (Concurrent Start) (G1 Evacuation Pause) 187M->144M(1024M) 18.219ms
[2022-05-29T20:37:25.252+0000][gc,cpu        ] GC(6) User=0.02s Sys=0.01s Real=0.02s
[2022-05-29T20:37:25.252+0000][gc            ] GC(7) Concurrent Cycle
[2022-05-29T20:37:25.252+0000][gc,marking    ] GC(7) Concurrent Clear Claimed Marks
[2022-05-29T20:37:25.252+0000][gc,marking    ] GC(7) Concurrent Clear Claimed Marks 0.131ms
[2022-05-29T20:37:25.252+0000][gc,marking    ] GC(7) Concurrent Scan Root Regions
[2022-05-29T20:37:25.257+0000][gc,marking    ] GC(7) Concurrent Scan Root Regions 4.589ms
[2022-05-29T20:37:25.257+0000][gc,marking    ] GC(7) Concurrent Mark (418.445s)
[2022-05-29T20:37:25.257+0000][gc,marking    ] GC(7) Concurrent Mark From Roots
[2022-05-29T20:37:25.257+0000][gc,task       ] GC(7) Using 1 workers of 1 for marking
[2022-05-29T20:37:25.271+0000][gc,marking    ] GC(7) Concurrent Mark From Roots 13.985ms
[2022-05-29T20:37:25.271+0000][gc,marking    ] GC(7) Concurrent Preclean
[2022-05-29T20:37:25.271+0000][gc,marking    ] GC(7) Concurrent Preclean 0.059ms
[2022-05-29T20:37:25.271+0000][gc,marking    ] GC(7) Concurrent Mark (418.445s, 418.460s) 14.084ms
[2022-05-29T20:37:25.271+0000][gc,start      ] GC(7) Pause Remark
[2022-05-29T20:37:25.278+0000][gc,stringtable] GC(7) Cleaned string and symbol table, strings: 11224 processed, 6 removed, symbols: 90239 processed, 2 removed
[2022-05-29T20:37:25.278+0000][gc            ] GC(7) Pause Remark 145M->145M(1024M) 7.033ms
[2022-05-29T20:37:25.278+0000][gc,cpu        ] GC(7) User=0.01s Sys=0.00s Real=0.00s
[2022-05-29T20:37:25.278+0000][gc,marking    ] GC(7) Concurrent Rebuild Remembered Sets
[2022-05-29T20:37:25.286+0000][gc,marking    ] GC(7) Concurrent Rebuild Remembered Sets 7.892ms
[2022-05-29T20:37:25.286+0000][gc,start      ] GC(7) Pause Cleanup
[2022-05-29T20:37:25.286+0000][gc            ] GC(7) Pause Cleanup 145M->145M(1024M) 0.134ms
[2022-05-29T20:37:25.286+0000][gc,cpu        ] GC(7) User=0.00s Sys=0.00s Real=0.00s
[2022-05-29T20:37:25.286+0000][gc,marking    ] GC(7) Concurrent Cleanup for Next Mark
[2022-05-29T20:37:25.289+0000][gc,marking    ] GC(7) Concurrent Cleanup for Next Mark 2.634ms
[2022-05-29T20:37:25.289+0000][gc            ] GC(7) Concurrent Cycle 37.366ms
[2022-05-29T20:51:08.227+0000][gc,start      ] GC(8) Pause Young (Normal) (G1 Evacuation Pause)
[2022-05-29T20:51:08.227+0000][gc,task       ] GC(8) Using 2 workers of 2 for evacuation
[2022-05-29T20:51:08.240+0000][gc,phases     ] GC(8)   Pre Evacuate Collection Set: 0.0ms
[2022-05-29T20:51:08.240+0000][gc,phases     ] GC(8)   Evacuate Collection Set: 12.0ms
[2022-05-29T20:51:08.240+0000][gc,phases     ] GC(8)   Post Evacuate Collection Set: 0.4ms
[2022-05-29T20:51:08.240+0000][gc,phases     ] GC(8)   Other: 0.2ms
[2022-05-29T20:51:08.240+0000][gc,heap       ] GC(8) Eden regions: 46->0(47)
[2022-05-29T20:51:08.240+0000][gc,heap       ] GC(8) Survivor regions: 5->4(7)
[2022-05-29T20:51:08.240+0000][gc,heap       ] GC(8) Old regions: 13->15
[2022-05-29T20:51:08.240+0000][gc,heap       ] GC(8) Humongous regions: 129->129
[2022-05-29T20:51:08.240+0000][gc,metaspace  ] GC(8) Metaspace: 41779K->41779K(1087488K)
[2022-05-29T20:51:08.240+0000][gc            ] GC(8) Pause Young (Normal) (G1 Evacuation Pause) 190M->145M(1024M) 12.668ms
[2022-05-29T20:51:08.240+0000][gc,cpu        ] GC(8) User=0.02s Sys=0.00s Real=0.01s
[2022-05-29T21:05:58.643+0000][gc,start      ] GC(9) Pause Young (Normal) (G1 Evacuation Pause)
[2022-05-29T21:05:58.643+0000][gc,task       ] GC(9) Using 2 workers of 2 for evacuation
[2022-05-29T21:05:58.672+0000][gc,mmu        ] GC(9) MMU target violated: 21.0ms (20.0ms/21.0ms)
[2022-05-29T21:05:58.672+0000][gc,phases     ] GC(9)   Pre Evacuate Collection Set: 0.0ms
[2022-05-29T21:05:58.672+0000][gc,phases     ] GC(9)   Evacuate Collection Set: 22.6ms
[2022-05-29T21:05:58.672+0000][gc,phases     ] GC(9)   Post Evacuate Collection Set: 5.9ms
[2022-05-29T21:05:58.672+0000][gc,phases     ] GC(9)   Other: 0.3ms
[2022-05-29T21:05:58.672+0000][gc,heap       ] GC(9) Eden regions: 47->0(47)
[2022-05-29T21:05:58.672+0000][gc,heap       ] GC(9) Survivor regions: 4->4(7)
[2022-05-29T21:05:58.672+0000][gc,heap       ] GC(9) Old regions: 15->15
[2022-05-29T21:05:58.672+0000][gc,heap       ] GC(9) Humongous regions: 129->129
[2022-05-29T21:05:58.672+0000][gc,metaspace  ] GC(9) Metaspace: 42173K->42173K(1087488K)
[2022-05-29T21:05:58.672+0000][gc            ] GC(9) Pause Young (Normal) (G1 Evacuation Pause) 192M->145M(1024M) 28.896ms
[2022-05-29T21:05:58.672+0000][gc,cpu        ] GC(9) User=0.03s Sys=0.00s Real=0.04s
[2022-05-29T21:21:15.233+0000][gc,start      ] GC(10) Pause Young (Normal) (G1 Evacuation Pause)
[2022-05-29T21:21:15.233+0000][gc,task       ] GC(10) Using 2 workers of 2 for evacuation
[2022-05-29T21:21:15.242+0000][gc,phases     ] GC(10)   Pre Evacuate Collection Set: 0.0ms
[2022-05-29T21:21:15.242+0000][gc,phases     ] GC(10)   Evacuate Collection Set: 8.3ms
[2022-05-29T21:21:15.242+0000][gc,phases     ] GC(10)   Post Evacuate Collection Set: 0.5ms
[2022-05-29T21:21:15.242+0000][gc,phases     ] GC(10)   Other: 0.2ms
[2022-05-29T21:21:15.242+0000][gc,heap       ] GC(10) Eden regions: 47->0(47)
[2022-05-29T21:21:15.242+0000][gc,heap       ] GC(10) Survivor regions: 4->4(7)
[2022-05-29T21:21:15.242+0000][gc,heap       ] GC(10) Old regions: 15->15
[2022-05-29T21:21:15.242+0000][gc,heap       ] GC(10) Humongous regions: 129->129
[2022-05-29T21:21:15.242+0000][gc,metaspace  ] GC(10) Metaspace: 42352K->42352K(1087488K)
[2022-05-29T21:21:15.242+0000][gc            ] GC(10) Pause Young (Normal) (G1 Evacuation Pause) 192M->145M(1024M) 9.010ms
[2022-05-29T21:21:15.242+0000][gc,cpu        ] GC(10) User=0.02s Sys=0.00s Real=0.00s
[2022-05-29T21:22:22.201+0000][gc,heap,exit  ] Heap
[2022-05-29T21:22:22.201+0000][gc,heap,exit  ]  garbage-first heap   total 1048576K, used 161543K [0x00000000c0000000, 0x0000000100000000)
[2022-05-29T21:22:22.201+0000][gc,heap,exit  ]   region size 1024K, 17 young (17408K), 4 survivors (4096K)
[2022-05-29T21:22:22.201+0000][gc,heap,exit  ]  Metaspace       used 43205K, capacity 45690K, committed 45904K, reserved 1089536K
[2022-05-29T21:22:22.201+0000][gc,heap,exit  ]   class space    used 5452K, capacity 6639K, committed 6736K, reserved 1048576K
