[2022-05-29T00:36:36.002+0000][gc,heap] Heap region size: 1M
[2022-05-29T00:36:36.012+0000][gc     ] Using G1
[2022-05-29T00:36:36.012+0000][gc,heap,coops] Heap address: 0x00000000c0000000, size: 1024 MB, Compressed Oops mode: 32-bit
[2022-05-29T00:36:36.012+0000][gc,cds       ] Mark closed archive regions in map: [0x00000000fff00000, 0x00000000fff6aff8]
[2022-05-29T00:36:36.012+0000][gc,cds       ] Mark open archive regions in map: [0x00000000ffe00000, 0x00000000ffe46ff8]
[2022-05-29T00:36:37.089+0000][gc,start     ] GC(0) Pause Young (Normal) (G1 Evacuation Pause)
[2022-05-29T00:36:37.089+0000][gc,task      ] GC(0) Using 2 workers of 2 for evacuation
[2022-05-29T00:36:37.106+0000][gc,phases    ] GC(0)   Pre Evacuate Collection Set: 0.0ms
[2022-05-29T00:36:37.106+0000][gc,phases    ] GC(0)   Evacuate Collection Set: 15.9ms
[2022-05-29T00:36:37.106+0000][gc,phases    ] GC(0)   Post Evacuate Collection Set: 0.4ms
[2022-05-29T00:36:37.106+0000][gc,phases    ] GC(0)   Other: 0.3ms
[2022-05-29T00:36:37.106+0000][gc,heap      ] GC(0) Eden regions: 51->0(44)
[2022-05-29T00:36:37.106+0000][gc,heap      ] GC(0) Survivor regions: 0->7(7)
[2022-05-29T00:36:37.106+0000][gc,heap      ] GC(0) Old regions: 2->2
[2022-05-29T00:36:37.106+0000][gc,heap      ] GC(0) Humongous regions: 0->0
[2022-05-29T00:36:37.106+0000][gc,metaspace ] GC(0) Metaspace: 14854K->14854K(1062912K)
[2022-05-29T00:36:37.106+0000][gc           ] GC(0) Pause Young (Normal) (G1 Evacuation Pause) 51M->7M(1024M) 16.628ms
[2022-05-29T00:36:37.106+0000][gc,cpu       ] GC(0) User=0.03s Sys=0.00s Real=0.02s
[2022-05-29T00:36:37.652+0000][gc,start     ] GC(1) Pause Young (Concurrent Start) (Metadata GC Threshold)
[2022-05-29T00:36:37.652+0000][gc,task      ] GC(1) Using 2 workers of 2 for evacuation
[2022-05-29T00:36:37.670+0000][gc,phases    ] GC(1)   Pre Evacuate Collection Set: 0.1ms
[2022-05-29T00:36:37.670+0000][gc,phases    ] GC(1)   Evacuate Collection Set: 17.1ms
[2022-05-29T00:36:37.670+0000][gc,phases    ] GC(1)   Post Evacuate Collection Set: 0.3ms
[2022-05-29T00:36:37.670+0000][gc,phases    ] GC(1)   Other: 0.2ms
[2022-05-29T00:36:37.670+0000][gc,heap      ] GC(1) Eden regions: 24->0(50)
[2022-05-29T00:36:37.670+0000][gc,heap      ] GC(1) Survivor regions: 7->1(7)
[2022-05-29T00:36:37.670+0000][gc,heap      ] GC(1) Old regions: 2->9
[2022-05-29T00:36:37.670+0000][gc,heap      ] GC(1) Humongous regions: 0->0
[2022-05-29T00:36:37.670+0000][gc,metaspace ] GC(1) Metaspace: 20578K->20578K(1067008K)
[2022-05-29T00:36:37.670+0000][gc           ] GC(1) Pause Young (Concurrent Start) (Metadata GC Threshold) 30M->8M(1024M) 17.740ms
[2022-05-29T00:36:37.670+0000][gc,cpu       ] GC(1) User=0.03s Sys=0.00s Real=0.02s
[2022-05-29T00:36:37.670+0000][gc           ] GC(2) Concurrent Cycle
[2022-05-29T00:36:37.670+0000][gc,marking   ] GC(2) Concurrent Clear Claimed Marks
[2022-05-29T00:36:37.670+0000][gc,marking   ] GC(2) Concurrent Clear Claimed Marks 0.035ms
[2022-05-29T00:36:37.670+0000][gc,marking   ] GC(2) Concurrent Scan Root Regions
[2022-05-29T00:36:37.672+0000][gc,marking   ] GC(2) Concurrent Scan Root Regions 2.366ms
[2022-05-29T00:36:37.672+0000][gc,marking   ] GC(2) Concurrent Mark (1.695s)
[2022-05-29T00:36:37.672+0000][gc,marking   ] GC(2) Concurrent Mark From Roots
[2022-05-29T00:36:37.672+0000][gc,task      ] GC(2) Using 1 workers of 1 for marking
[2022-05-29T00:36:37.685+0000][gc,marking   ] GC(2) Concurrent Mark From Roots 13.147ms
[2022-05-29T00:36:37.685+0000][gc,marking   ] GC(2) Concurrent Preclean
[2022-05-29T00:36:37.685+0000][gc,marking   ] GC(2) Concurrent Preclean 0.081ms
[2022-05-29T00:36:37.685+0000][gc,marking   ] GC(2) Concurrent Mark (1.695s, 1.708s) 13.271ms
[2022-05-29T00:36:37.686+0000][gc,start     ] GC(2) Pause Remark
[2022-05-29T00:36:37.690+0000][gc,stringtable] GC(2) Cleaned string and symbol table, strings: 5128 processed, 0 removed, symbols: 51009 processed, 44 removed
[2022-05-29T00:36:37.690+0000][gc            ] GC(2) Pause Remark 8M->8M(1024M) 4.305ms
[2022-05-29T00:36:37.690+0000][gc,cpu        ] GC(2) User=0.00s Sys=0.00s Real=0.00s
[2022-05-29T00:36:37.690+0000][gc,marking    ] GC(2) Concurrent Rebuild Remembered Sets
[2022-05-29T00:36:37.696+0000][gc,marking    ] GC(2) Concurrent Rebuild Remembered Sets 5.580ms
[2022-05-29T00:36:37.696+0000][gc,start      ] GC(2) Pause Cleanup
[2022-05-29T00:36:37.696+0000][gc            ] GC(2) Pause Cleanup 9M->9M(1024M) 0.162ms
[2022-05-29T00:36:37.696+0000][gc,cpu        ] GC(2) User=0.00s Sys=0.00s Real=0.00s
[2022-05-29T00:36:37.696+0000][gc,marking    ] GC(2) Concurrent Cleanup for Next Mark
[2022-05-29T00:36:37.723+0000][gc,marking    ] GC(2) Concurrent Cleanup for Next Mark 27.629ms
[2022-05-29T00:36:37.724+0000][gc            ] GC(2) Concurrent Cycle 53.763ms
[2022-05-29T00:36:38.525+0000][gc,start      ] GC(3) Pause Young (Normal) (G1 Evacuation Pause)
[2022-05-29T00:36:38.525+0000][gc,task       ] GC(3) Using 2 workers of 2 for evacuation
[2022-05-29T00:36:38.535+0000][gc,phases     ] GC(3)   Pre Evacuate Collection Set: 0.0ms
[2022-05-29T00:36:38.535+0000][gc,phases     ] GC(3)   Evacuate Collection Set: 9.3ms
[2022-05-29T00:36:38.535+0000][gc,phases     ] GC(3)   Post Evacuate Collection Set: 0.3ms
[2022-05-29T00:36:38.535+0000][gc,phases     ] GC(3)   Other: 0.2ms
[2022-05-29T00:36:38.535+0000][gc,heap       ] GC(3) Eden regions: 50->0(46)
[2022-05-29T00:36:38.535+0000][gc,heap       ] GC(3) Survivor regions: 1->5(7)
[2022-05-29T00:36:38.535+0000][gc,heap       ] GC(3) Old regions: 9->9
[2022-05-29T00:36:38.535+0000][gc,heap       ] GC(3) Humongous regions: 129->129
[2022-05-29T00:36:38.535+0000][gc,metaspace  ] GC(3) Metaspace: 29165K->29165K(1075200K)
[2022-05-29T00:36:38.535+0000][gc            ] GC(3) Pause Young (Normal) (G1 Evacuation Pause) 187M->141M(1024M) 9.855ms
[2022-05-29T00:36:38.535+0000][gc,cpu        ] GC(3) User=0.02s Sys=0.00s Real=0.02s
[2022-05-29T00:36:38.962+0000][gc,start      ] GC(4) Pause Young (Concurrent Start) (Metadata GC Threshold)
[2022-05-29T00:36:38.962+0000][gc,task       ] GC(4) Using 2 workers of 2 for evacuation
[2022-05-29T00:36:38.976+0000][gc,phases     ] GC(4)   Pre Evacuate Collection Set: 0.1ms
[2022-05-29T00:36:38.976+0000][gc,phases     ] GC(4)   Evacuate Collection Set: 13.4ms
[2022-05-29T00:36:38.976+0000][gc,phases     ] GC(4)   Post Evacuate Collection Set: 0.3ms
[2022-05-29T00:36:38.976+0000][gc,phases     ] GC(4)   Other: 0.3ms
[2022-05-29T00:36:38.976+0000][gc,heap       ] GC(4) Eden regions: 25->0(49)
[2022-05-29T00:36:38.976+0000][gc,heap       ] GC(4) Survivor regions: 5->2(7)
[2022-05-29T00:36:38.976+0000][gc,heap       ] GC(4) Old regions: 9->14
[2022-05-29T00:36:38.976+0000][gc,heap       ] GC(4) Humongous regions: 129->129
[2022-05-29T00:36:38.976+0000][gc,metaspace  ] GC(4) Metaspace: 34429K->34429K(1081344K)
[2022-05-29T00:36:38.976+0000][gc            ] GC(4) Pause Young (Concurrent Start) (Metadata GC Threshold) 166M->143M(1024M) 14.171ms
[2022-05-29T00:36:38.976+0000][gc,cpu        ] GC(4) User=0.03s Sys=0.00s Real=0.02s
[2022-05-29T00:36:38.976+0000][gc            ] GC(5) Concurrent Cycle
[2022-05-29T00:36:38.976+0000][gc,marking    ] GC(5) Concurrent Clear Claimed Marks
[2022-05-29T00:36:38.976+0000][gc,marking    ] GC(5) Concurrent Clear Claimed Marks 0.080ms
[2022-05-29T00:36:38.976+0000][gc,marking    ] GC(5) Concurrent Scan Root Regions
[2022-05-29T00:36:38.980+0000][gc,marking    ] GC(5) Concurrent Scan Root Regions 3.580ms
[2022-05-29T00:36:38.980+0000][gc,marking    ] GC(5) Concurrent Mark (3.002s)
[2022-05-29T00:36:38.980+0000][gc,marking    ] GC(5) Concurrent Mark From Roots
[2022-05-29T00:36:38.980+0000][gc,task       ] GC(5) Using 1 workers of 1 for marking
[2022-05-29T00:36:39.048+0000][gc,marking    ] GC(5) Concurrent Mark From Roots 68.646ms
[2022-05-29T00:36:39.048+0000][gc,marking    ] GC(5) Concurrent Preclean
[2022-05-29T00:36:39.048+0000][gc,marking    ] GC(5) Concurrent Preclean 0.083ms
[2022-05-29T00:36:39.048+0000][gc,marking    ] GC(5) Concurrent Mark (3.002s, 3.071s) 68.779ms
[2022-05-29T00:36:39.051+0000][gc,start      ] GC(5) Pause Remark
[2022-05-29T00:36:39.056+0000][gc,stringtable] GC(5) Cleaned string and symbol table, strings: 10351 processed, 9 removed, symbols: 83856 processed, 16 removed
[2022-05-29T00:36:39.056+0000][gc            ] GC(5) Pause Remark 146M->146M(1024M) 5.552ms
[2022-05-29T00:36:39.056+0000][gc,cpu        ] GC(5) User=0.01s Sys=0.00s Real=0.01s
[2022-05-29T00:36:39.056+0000][gc,marking    ] GC(5) Concurrent Rebuild Remembered Sets
[2022-05-29T00:36:39.078+0000][gc,marking    ] GC(5) Concurrent Rebuild Remembered Sets 21.831ms
[2022-05-29T00:36:39.082+0000][gc,start      ] GC(5) Pause Cleanup
[2022-05-29T00:36:39.083+0000][gc            ] GC(5) Pause Cleanup 146M->146M(1024M) 0.292ms
[2022-05-29T00:36:39.083+0000][gc,cpu        ] GC(5) User=0.00s Sys=0.00s Real=0.00s
[2022-05-29T00:36:39.083+0000][gc,marking    ] GC(5) Concurrent Cleanup for Next Mark
[2022-05-29T00:36:39.098+0000][gc,marking    ] GC(5) Concurrent Cleanup for Next Mark 15.651ms
[2022-05-29T00:36:39.098+0000][gc            ] GC(5) Concurrent Cycle 122.534ms
[2022-05-29T00:56:47.536+0000][gc,heap,exit  ] Heap
[2022-05-29T00:56:47.536+0000][gc,heap,exit  ]  garbage-first heap   total 1048576K, used 172092K [0x00000000c0000000, 0x0000000100000000)
[2022-05-29T00:56:47.536+0000][gc,heap,exit  ]   region size 1024K, 29 young (29696K), 2 survivors (2048K)
[2022-05-29T00:56:47.536+0000][gc,heap,exit  ]  Metaspace       used 37271K, capacity 38918K, committed 39192K, reserved 1083392K
[2022-05-29T00:56:47.536+0000][gc,heap,exit  ]   class space    used 4574K, capacity 5362K, committed 5452K, reserved 1048576K
