[2022-05-29T19:23:20.015+0000][gc,heap] Heap region size: 1M
[2022-05-29T19:23:20.025+0000][gc     ] Using G1
[2022-05-29T19:23:20.025+0000][gc,heap,coops] Heap address: 0x00000000c0000000, size: 1024 MB, Compressed Oops mode: 32-bit
[2022-05-29T19:23:20.025+0000][gc,cds       ] Mark closed archive regions in map: [0x00000000fff00000, 0x00000000fff6aff8]
[2022-05-29T19:23:20.025+0000][gc,cds       ] Mark open archive regions in map: [0x00000000ffe00000, 0x00000000ffe46ff8]
[2022-05-29T19:23:21.121+0000][gc,start     ] GC(0) Pause Young (Normal) (G1 Evacuation Pause)
[2022-05-29T19:23:21.121+0000][gc,task      ] GC(0) Using 2 workers of 2 for evacuation
[2022-05-29T19:23:21.136+0000][gc,phases    ] GC(0)   Pre Evacuate Collection Set: 0.0ms
[2022-05-29T19:23:21.136+0000][gc,phases    ] GC(0)   Evacuate Collection Set: 14.4ms
[2022-05-29T19:23:21.136+0000][gc,phases    ] GC(0)   Post Evacuate Collection Set: 0.3ms
[2022-05-29T19:23:21.136+0000][gc,phases    ] GC(0)   Other: 0.2ms
[2022-05-29T19:23:21.136+0000][gc,heap      ] GC(0) Eden regions: 51->0(44)
[2022-05-29T19:23:21.136+0000][gc,heap      ] GC(0) Survivor regions: 0->7(7)
[2022-05-29T19:23:21.136+0000][gc,heap      ] GC(0) Old regions: 2->2
[2022-05-29T19:23:21.136+0000][gc,heap      ] GC(0) Humongous regions: 0->0
[2022-05-29T19:23:21.136+0000][gc,metaspace ] GC(0) Metaspace: 14836K->14836K(1062912K)
[2022-05-29T19:23:21.136+0000][gc           ] GC(0) Pause Young (Normal) (G1 Evacuation Pause) 51M->7M(1024M) 15.050ms
[2022-05-29T19:23:21.136+0000][gc,cpu       ] GC(0) User=0.03s Sys=0.00s Real=0.02s
[2022-05-29T19:23:21.538+0000][gc,start     ] GC(1) Pause Young (Concurrent Start) (Metadata GC Threshold)
[2022-05-29T19:23:21.538+0000][gc,task      ] GC(1) Using 2 workers of 2 for evacuation
[2022-05-29T19:23:21.558+0000][gc,mmu       ] GC(1) MMU target violated: 20.6ms (20.0ms/21.0ms)
[2022-05-29T19:23:21.558+0000][gc,phases    ] GC(1)   Pre Evacuate Collection Set: 0.1ms
[2022-05-29T19:23:21.558+0000][gc,phases    ] GC(1)   Evacuate Collection Set: 20.1ms
[2022-05-29T19:23:21.558+0000][gc,phases    ] GC(1)   Post Evacuate Collection Set: 0.3ms
[2022-05-29T19:23:21.558+0000][gc,phases    ] GC(1)   Other: 0.3ms
[2022-05-29T19:23:21.558+0000][gc,heap      ] GC(1) Eden regions: 23->0(50)
[2022-05-29T19:23:21.558+0000][gc,heap      ] GC(1) Survivor regions: 7->1(7)
[2022-05-29T19:23:21.558+0000][gc,heap      ] GC(1) Old regions: 2->9
[2022-05-29T19:23:21.558+0000][gc,heap      ] GC(1) Humongous regions: 0->0
[2022-05-29T19:23:21.558+0000][gc,metaspace ] GC(1) Metaspace: 20656K->20656K(1067008K)
[2022-05-29T19:23:21.558+0000][gc           ] GC(1) Pause Young (Concurrent Start) (Metadata GC Threshold) 30M->8M(1024M) 20.769ms
[2022-05-29T19:23:21.558+0000][gc,cpu       ] GC(1) User=0.03s Sys=0.00s Real=0.02s
[2022-05-29T19:23:21.558+0000][gc           ] GC(2) Concurrent Cycle
[2022-05-29T19:23:21.558+0000][gc,marking   ] GC(2) Concurrent Clear Claimed Marks
[2022-05-29T19:23:21.558+0000][gc,marking   ] GC(2) Concurrent Clear Claimed Marks 0.042ms
[2022-05-29T19:23:21.558+0000][gc,marking   ] GC(2) Concurrent Scan Root Regions
[2022-05-29T19:23:21.560+0000][gc,marking   ] GC(2) Concurrent Scan Root Regions 1.103ms
[2022-05-29T19:23:21.560+0000][gc,marking   ] GC(2) Concurrent Mark (1.548s)
[2022-05-29T19:23:21.560+0000][gc,marking   ] GC(2) Concurrent Mark From Roots
[2022-05-29T19:23:21.560+0000][gc,task      ] GC(2) Using 1 workers of 1 for marking
[2022-05-29T19:23:21.584+0000][gc,marking   ] GC(2) Concurrent Mark From Roots 24.028ms
[2022-05-29T19:23:21.584+0000][gc,marking   ] GC(2) Concurrent Preclean
[2022-05-29T19:23:21.584+0000][gc,marking   ] GC(2) Concurrent Preclean 0.077ms
[2022-05-29T19:23:21.584+0000][gc,marking   ] GC(2) Concurrent Mark (1.548s, 1.572s) 24.149ms
[2022-05-29T19:23:21.587+0000][gc,start     ] GC(2) Pause Remark
[2022-05-29T19:23:21.591+0000][gc,stringtable] GC(2) Cleaned string and symbol table, strings: 5153 processed, 0 removed, symbols: 51086 processed, 43 removed
[2022-05-29T19:23:21.592+0000][gc            ] GC(2) Pause Remark 10M->10M(1024M) 4.523ms
[2022-05-29T19:23:21.592+0000][gc,cpu        ] GC(2) User=0.00s Sys=0.00s Real=0.01s
[2022-05-29T19:23:21.592+0000][gc,marking    ] GC(2) Concurrent Rebuild Remembered Sets
[2022-05-29T19:23:21.603+0000][gc,marking    ] GC(2) Concurrent Rebuild Remembered Sets 11.560ms
[2022-05-29T19:23:21.603+0000][gc,start      ] GC(2) Pause Cleanup
[2022-05-29T19:23:21.604+0000][gc            ] GC(2) Pause Cleanup 10M->10M(1024M) 0.202ms
[2022-05-29T19:23:21.604+0000][gc,cpu        ] GC(2) User=0.00s Sys=0.00s Real=0.00s
[2022-05-29T19:23:21.604+0000][gc,marking    ] GC(2) Concurrent Cleanup for Next Mark
[2022-05-29T19:23:21.615+0000][gc,marking    ] GC(2) Concurrent Cleanup for Next Mark 11.677ms
[2022-05-29T19:23:21.615+0000][gc            ] GC(2) Concurrent Cycle 57.083ms
[2022-05-29T19:23:21.760+0000][gc,heap,exit  ] Heap
[2022-05-29T19:23:21.760+0000][gc,heap,exit  ]  garbage-first heap   total 1048576K, used 13388K [0x00000000c0000000, 0x0000000100000000)
[2022-05-29T19:23:21.760+0000][gc,heap,exit  ]   region size 1024K, 7 young (7168K), 1 survivors (1024K)
[2022-05-29T19:23:21.760+0000][gc,heap,exit  ]  Metaspace       used 21373K, capacity 22080K, committed 22268K, reserved 1069056K
[2022-05-29T19:23:21.760+0000][gc,heap,exit  ]   class space    used 2664K, capacity 2990K, committed 3068K, reserved 1048576K
