[2022-05-29T02:06:11.302+0000][gc,heap] Heap region size: 1M
[2022-05-29T02:06:11.307+0000][gc     ] Using G1
[2022-05-29T02:06:11.307+0000][gc,heap,coops] Heap address: 0x00000000e0000000, size: 512 MB, Compressed Oops mode: 32-bit
[2022-05-29T02:06:11.307+0000][gc,cds       ] Mark closed archive regions in map: [0x00000000fff00000, 0x00000000fff6aff8]
[2022-05-29T02:06:11.307+0000][gc,cds       ] Mark open archive regions in map: [0x00000000ffe00000, 0x00000000ffe46ff8]
[2022-05-29T02:06:12.000+0000][gc,start     ] GC(0) Pause Young (Normal) (G1 Evacuation Pause)
[2022-05-29T02:06:12.000+0000][gc,task      ] GC(0) Using 2 workers of 2 for evacuation
[2022-05-29T02:06:12.014+0000][gc,phases    ] GC(0)   Pre Evacuate Collection Set: 0.0ms
[2022-05-29T02:06:12.014+0000][gc,phases    ] GC(0)   Evacuate Collection Set: 13.3ms
[2022-05-29T02:06:12.014+0000][gc,phases    ] GC(0)   Post Evacuate Collection Set: 0.3ms
[2022-05-29T02:06:12.014+0000][gc,phases    ] GC(0)   Other: 0.3ms
[2022-05-29T02:06:12.014+0000][gc,heap      ] GC(0) Eden regions: 25->0(21)
[2022-05-29T02:06:12.014+0000][gc,heap      ] GC(0) Survivor regions: 0->4(4)
[2022-05-29T02:06:12.014+0000][gc,heap      ] GC(0) Old regions: 2->5
[2022-05-29T02:06:12.014+0000][gc,heap      ] GC(0) Humongous regions: 0->0
[2022-05-29T02:06:12.014+0000][gc,metaspace ] GC(0) Metaspace: 7700K->7700K(1056768K)
[2022-05-29T02:06:12.014+0000][gc           ] GC(0) Pause Young (Normal) (G1 Evacuation Pause) 25M->7M(512M) 13.920ms
[2022-05-29T02:06:12.014+0000][gc,cpu       ] GC(0) User=0.01s Sys=0.01s Real=0.02s
[2022-05-29T02:13:28.905+0000][gc,start     ] GC(1) Pause Young (Normal) (G1 Evacuation Pause)
[2022-05-29T02:13:28.905+0000][gc,task      ] GC(1) Using 2 workers of 2 for evacuation
[2022-05-29T02:13:28.916+0000][gc,phases    ] GC(1)   Pre Evacuate Collection Set: 0.0ms
[2022-05-29T02:13:28.916+0000][gc,phases    ] GC(1)   Evacuate Collection Set: 10.4ms
[2022-05-29T02:13:28.916+0000][gc,phases    ] GC(1)   Post Evacuate Collection Set: 0.2ms
[2022-05-29T02:13:28.916+0000][gc,phases    ] GC(1)   Other: 0.2ms
[2022-05-29T02:13:28.916+0000][gc,heap      ] GC(1) Eden regions: 21->0(24)
[2022-05-29T02:13:28.916+0000][gc,heap      ] GC(1) Survivor regions: 4->1(4)
[2022-05-29T02:13:28.916+0000][gc,heap      ] GC(1) Old regions: 5->10
[2022-05-29T02:13:28.916+0000][gc,heap      ] GC(1) Humongous regions: 0->0
[2022-05-29T02:13:28.916+0000][gc,metaspace ] GC(1) Metaspace: 9053K->9053K(1058816K)
[2022-05-29T02:13:28.916+0000][gc           ] GC(1) Pause Young (Normal) (G1 Evacuation Pause) 28M->8M(512M) 10.876ms
[2022-05-29T02:13:28.916+0000][gc,cpu       ] GC(1) User=0.02s Sys=0.00s Real=0.02s
[2022-05-29T02:14:13.506+0000][gc,start     ] GC(2) Pause Young (Normal) (G1 Evacuation Pause)
[2022-05-29T02:14:13.506+0000][gc,task      ] GC(2) Using 2 workers of 2 for evacuation
[2022-05-29T02:14:13.507+0000][gc,phases    ] GC(2)   Pre Evacuate Collection Set: 0.0ms
[2022-05-29T02:14:13.507+0000][gc,phases    ] GC(2)   Evacuate Collection Set: 1.2ms
[2022-05-29T02:14:13.507+0000][gc,phases    ] GC(2)   Post Evacuate Collection Set: 0.2ms
[2022-05-29T02:14:13.507+0000][gc,phases    ] GC(2)   Other: 0.1ms
[2022-05-29T02:14:13.507+0000][gc,heap      ] GC(2) Eden regions: 24->0(24)
[2022-05-29T02:14:13.507+0000][gc,heap      ] GC(2) Survivor regions: 1->1(4)
[2022-05-29T02:14:13.507+0000][gc,heap      ] GC(2) Old regions: 10->10
[2022-05-29T02:14:13.507+0000][gc,heap      ] GC(2) Humongous regions: 0->0
[2022-05-29T02:14:13.507+0000][gc,metaspace ] GC(2) Metaspace: 9135K->9135K(1058816K)
[2022-05-29T02:14:13.507+0000][gc           ] GC(2) Pause Young (Normal) (G1 Evacuation Pause) 32M->8M(512M) 1.588ms
[2022-05-29T02:14:13.507+0000][gc,cpu       ] GC(2) User=0.00s Sys=0.00s Real=0.00s
[2022-05-29T02:14:51.515+0000][gc,start     ] GC(3) Pause Young (Normal) (G1 Evacuation Pause)
[2022-05-29T02:14:51.515+0000][gc,task      ] GC(3) Using 2 workers of 2 for evacuation
[2022-05-29T02:14:51.517+0000][gc,phases    ] GC(3)   Pre Evacuate Collection Set: 0.0ms
[2022-05-29T02:14:51.517+0000][gc,phases    ] GC(3)   Evacuate Collection Set: 1.1ms
[2022-05-29T02:14:51.517+0000][gc,phases    ] GC(3)   Post Evacuate Collection Set: 0.2ms
[2022-05-29T02:14:51.517+0000][gc,phases    ] GC(3)   Other: 0.1ms
[2022-05-29T02:14:51.517+0000][gc,heap      ] GC(3) Eden regions: 24->0(24)
[2022-05-29T02:14:51.517+0000][gc,heap      ] GC(3) Survivor regions: 1->1(4)
[2022-05-29T02:14:51.517+0000][gc,heap      ] GC(3) Old regions: 10->10
[2022-05-29T02:14:51.517+0000][gc,heap      ] GC(3) Humongous regions: 0->0
[2022-05-29T02:14:51.517+0000][gc,metaspace ] GC(3) Metaspace: 9161K->9161K(1058816K)
[2022-05-29T02:14:51.517+0000][gc           ] GC(3) Pause Young (Normal) (G1 Evacuation Pause) 32M->8M(512M) 1.491ms
[2022-05-29T02:14:51.517+0000][gc,cpu       ] GC(3) User=0.00s Sys=0.00s Real=0.00s
[2022-05-29T02:36:33.528+0000][gc,heap,exit ] Heap
[2022-05-29T02:36:33.529+0000][gc,heap,exit ]  garbage-first heap   total 524288K, used 16459K [0x00000000e0000000, 0x0000000100000000)
[2022-05-29T02:36:33.529+0000][gc,heap,exit ]   region size 1024K, 10 young (10240K), 1 survivors (1024K)
[2022-05-29T02:36:33.529+0000][gc,heap,exit ]  Metaspace       used 9418K, capacity 9786K, committed 10112K, reserved 1058816K
[2022-05-29T02:36:33.529+0000][gc,heap,exit ]   class space    used 971K, capacity 1120K, committed 1152K, reserved 1048576K
