[2022-05-29T18:46:22.268+0000][gc,heap] Heap region size: 1M
[2022-05-29T18:46:22.274+0000][gc     ] Using G1
[2022-05-29T18:46:22.274+0000][gc,heap,coops] Heap address: 0x00000000e0000000, size: 512 MB, Compressed Oops mode: 32-bit
[2022-05-29T18:46:22.274+0000][gc,cds       ] Mark closed archive regions in map: [0x00000000fff00000, 0x00000000fff6aff8]
[2022-05-29T18:46:22.274+0000][gc,cds       ] Mark open archive regions in map: [0x00000000ffe00000, 0x00000000ffe46ff8]
[2022-05-29T18:46:23.227+0000][gc,start     ] GC(0) Pause Young (Normal) (G1 Evacuation Pause)
[2022-05-29T18:46:23.227+0000][gc,task      ] GC(0) Using 2 workers of 2 for evacuation
[2022-05-29T18:46:23.242+0000][gc,phases    ] GC(0)   Pre Evacuate Collection Set: 0.0ms
[2022-05-29T18:46:23.242+0000][gc,phases    ] GC(0)   Evacuate Collection Set: 14.2ms
[2022-05-29T18:46:23.242+0000][gc,phases    ] GC(0)   Post Evacuate Collection Set: 0.3ms
[2022-05-29T18:46:23.242+0000][gc,phases    ] GC(0)   Other: 0.2ms
[2022-05-29T18:46:23.242+0000][gc,heap      ] GC(0) Eden regions: 25->0(21)
[2022-05-29T18:46:23.242+0000][gc,heap      ] GC(0) Survivor regions: 0->4(4)
[2022-05-29T18:46:23.242+0000][gc,heap      ] GC(0) Old regions: 2->5
[2022-05-29T18:46:23.242+0000][gc,heap      ] GC(0) Humongous regions: 0->0
[2022-05-29T18:46:23.242+0000][gc,metaspace ] GC(0) Metaspace: 7567K->7567K(1056768K)
[2022-05-29T18:46:23.242+0000][gc           ] GC(0) Pause Young (Normal) (G1 Evacuation Pause) 25M->7M(512M) 14.779ms
[2022-05-29T18:46:23.242+0000][gc,cpu       ] GC(0) User=0.01s Sys=0.01s Real=0.01s
[2022-05-29T19:07:34.227+0000][gc,heap,exit ] Heap
[2022-05-29T19:07:34.227+0000][gc,heap,exit ]  garbage-first heap   total 524288K, used 15796K [0x00000000e0000000, 0x0000000100000000)
[2022-05-29T19:07:34.227+0000][gc,heap,exit ]   region size 1024K, 13 young (13312K), 4 survivors (4096K)
[2022-05-29T19:07:34.227+0000][gc,heap,exit ]  Metaspace       used 8854K, capacity 9239K, committed 9344K, reserved 1056768K
[2022-05-29T19:07:34.227+0000][gc,heap,exit ]   class space    used 964K, capacity 1088K, committed 1152K, reserved 1048576K
