[2022-05-29T21:02:04.356+0000][gc,heap] Heap region size: 1M
[2022-05-29T21:02:04.361+0000][gc     ] Using G1
[2022-05-29T21:02:04.361+0000][gc,heap,coops] Heap address: 0x00000000e0000000, size: 512 MB, Compressed Oops mode: 32-bit
[2022-05-29T21:02:04.361+0000][gc,cds       ] Mark closed archive regions in map: [0x00000000fff00000, 0x00000000fff6aff8]
[2022-05-29T21:02:04.361+0000][gc,cds       ] Mark open archive regions in map: [0x00000000ffe00000, 0x00000000ffe46ff8]
[2022-05-29T21:02:05.046+0000][gc,start     ] GC(0) Pause Young (Normal) (G1 Evacuation Pause)
[2022-05-29T21:02:05.046+0000][gc,task      ] GC(0) Using 2 workers of 2 for evacuation
[2022-05-29T21:02:05.060+0000][gc,phases    ] GC(0)   Pre Evacuate Collection Set: 0.0ms
[2022-05-29T21:02:05.060+0000][gc,phases    ] GC(0)   Evacuate Collection Set: 13.6ms
[2022-05-29T21:02:05.060+0000][gc,phases    ] GC(0)   Post Evacuate Collection Set: 0.3ms
[2022-05-29T21:02:05.060+0000][gc,phases    ] GC(0)   Other: 0.2ms
[2022-05-29T21:02:05.060+0000][gc,heap      ] GC(0) Eden regions: 25->0(21)
[2022-05-29T21:02:05.060+0000][gc,heap      ] GC(0) Survivor regions: 0->4(4)
[2022-05-29T21:02:05.060+0000][gc,heap      ] GC(0) Old regions: 2->5
[2022-05-29T21:02:05.060+0000][gc,heap      ] GC(0) Humongous regions: 0->0
[2022-05-29T21:02:05.060+0000][gc,metaspace ] GC(0) Metaspace: 7670K->7670K(1056768K)
[2022-05-29T21:02:05.060+0000][gc           ] GC(0) Pause Young (Normal) (G1 Evacuation Pause) 25M->7M(512M) 14.151ms
[2022-05-29T21:02:05.060+0000][gc,cpu       ] GC(0) User=0.02s Sys=0.01s Real=0.01s
[2022-05-29T21:32:05.479+0000][gc,heap,exit ] Heap
[2022-05-29T21:32:05.479+0000][gc,heap,exit ]  garbage-first heap   total 524288K, used 13797K [0x00000000e0000000, 0x0000000100000000)
[2022-05-29T21:32:05.479+0000][gc,heap,exit ]   region size 1024K, 11 young (11264K), 4 survivors (4096K)
[2022-05-29T21:32:05.479+0000][gc,heap,exit ]  Metaspace       used 8579K, capacity 8983K, committed 9088K, reserved 1056768K
[2022-05-29T21:32:05.479+0000][gc,heap,exit ]   class space    used 940K, capacity 1088K, committed 1152K, reserved 1048576K
